Archive member included to satisfy reference by file (symbol)

c:/program files (x86)/arm gnu toolchain arm-none-eabi/12.2 mpacbti-rel1/bin/../lib/gcc/arm-none-eabi/12.2.1/thumb/v7e-m+fp/hard\libc_nano.a(libc_a-exit.o)
                              c:/program files (x86)/arm gnu toolchain arm-none-eabi/12.2 mpacbti-rel1/bin/../lib/gcc/arm-none-eabi/12.2.1/thumb/v7e-m+fp/hard/crt0.o (exit)
c:/program files (x86)/arm gnu toolchain arm-none-eabi/12.2 mpacbti-rel1/bin/../lib/gcc/arm-none-eabi/12.2.1/thumb/v7e-m+fp/hard\libc_nano.a(libc_a-nano-vfprintf_float.o)
                              (_printf_float)
c:/program files (x86)/arm gnu toolchain arm-none-eabi/12.2 mpacbti-rel1/bin/../lib/gcc/arm-none-eabi/12.2.1/thumb/v7e-m+fp/hard\libc_nano.a(libc_a-nano-vfprintf_i.o)
                              c:/program files (x86)/arm gnu toolchain arm-none-eabi/12.2 mpacbti-rel1/bin/../lib/gcc/arm-none-eabi/12.2.1/thumb/v7e-m+fp/hard\libc_nano.a(libc_a-nano-vfprintf_float.o) (_printf_common)
c:/program files (x86)/arm gnu toolchain arm-none-eabi/12.2 mpacbti-rel1/bin/../lib/gcc/arm-none-eabi/12.2.1/thumb/v7e-m+fp/hard\libc_nano.a(libc_a-findfp.o)
                              c:/program files (x86)/arm gnu toolchain arm-none-eabi/12.2 mpacbti-rel1/bin/../lib/gcc/arm-none-eabi/12.2.1/thumb/v7e-m+fp/hard\libc_nano.a(libc_a-exit.o) (__stdio_exit_handler)
c:/program files (x86)/arm gnu toolchain arm-none-eabi/12.2 mpacbti-rel1/bin/../lib/gcc/arm-none-eabi/12.2.1/thumb/v7e-m+fp/hard\libc_nano.a(libc_a-fwalk.o)
                              c:/program files (x86)/arm gnu toolchain arm-none-eabi/12.2 mpacbti-rel1/bin/../lib/gcc/arm-none-eabi/12.2.1/thumb/v7e-m+fp/hard\libc_nano.a(libc_a-findfp.o) (_fwalk_sglue)
c:/program files (x86)/arm gnu toolchain arm-none-eabi/12.2 mpacbti-rel1/bin/../lib/gcc/arm-none-eabi/12.2.1/thumb/v7e-m+fp/hard\libc_nano.a(libc_a-sprintf.o)
                              build/main.o (sprintf)
c:/program files (x86)/arm gnu toolchain arm-none-eabi/12.2 mpacbti-rel1/bin/../lib/gcc/arm-none-eabi/12.2.1/thumb/v7e-m+fp/hard\libc_nano.a(libc_a-stdio.o)
                              c:/program files (x86)/arm gnu toolchain arm-none-eabi/12.2 mpacbti-rel1/bin/../lib/gcc/arm-none-eabi/12.2.1/thumb/v7e-m+fp/hard\libc_nano.a(libc_a-findfp.o) (__sread)
c:/program files (x86)/arm gnu toolchain arm-none-eabi/12.2 mpacbti-rel1/bin/../lib/gcc/arm-none-eabi/12.2.1/thumb/v7e-m+fp/hard\libc_nano.a(libc_a-memset.o)
                              c:/program files (x86)/arm gnu toolchain arm-none-eabi/12.2 mpacbti-rel1/bin/../lib/gcc/arm-none-eabi/12.2.1/thumb/v7e-m+fp/hard/crt0.o (memset)
c:/program files (x86)/arm gnu toolchain arm-none-eabi/12.2 mpacbti-rel1/bin/../lib/gcc/arm-none-eabi/12.2.1/thumb/v7e-m+fp/hard\libc_nano.a(libc_a-localeconv.o)
                              c:/program files (x86)/arm gnu toolchain arm-none-eabi/12.2 mpacbti-rel1/bin/../lib/gcc/arm-none-eabi/12.2.1/thumb/v7e-m+fp/hard\libc_nano.a(libc_a-nano-vfprintf_float.o) (_localeconv_r)
c:/program files (x86)/arm gnu toolchain arm-none-eabi/12.2 mpacbti-rel1/bin/../lib/gcc/arm-none-eabi/12.2.1/thumb/v7e-m+fp/hard\libc_nano.a(libc_a-closer.o)
                              c:/program files (x86)/arm gnu toolchain arm-none-eabi/12.2 mpacbti-rel1/bin/../lib/gcc/arm-none-eabi/12.2.1/thumb/v7e-m+fp/hard\libc_nano.a(libc_a-stdio.o) (_close_r)
c:/program files (x86)/arm gnu toolchain arm-none-eabi/12.2 mpacbti-rel1/bin/../lib/gcc/arm-none-eabi/12.2.1/thumb/v7e-m+fp/hard\libc_nano.a(libc_a-reent.o)
                              c:/program files (x86)/arm gnu toolchain arm-none-eabi/12.2 mpacbti-rel1/bin/../lib/gcc/arm-none-eabi/12.2.1/thumb/v7e-m+fp/hard\libc_nano.a(libc_a-closer.o) (errno)
c:/program files (x86)/arm gnu toolchain arm-none-eabi/12.2 mpacbti-rel1/bin/../lib/gcc/arm-none-eabi/12.2.1/thumb/v7e-m+fp/hard\libc_nano.a(libc_a-impure.o)
                              c:/program files (x86)/arm gnu toolchain arm-none-eabi/12.2 mpacbti-rel1/bin/../lib/gcc/arm-none-eabi/12.2.1/thumb/v7e-m+fp/hard\libc_nano.a(libc_a-sprintf.o) (_impure_ptr)
c:/program files (x86)/arm gnu toolchain arm-none-eabi/12.2 mpacbti-rel1/bin/../lib/gcc/arm-none-eabi/12.2.1/thumb/v7e-m+fp/hard\libc_nano.a(libc_a-lseekr.o)
                              c:/program files (x86)/arm gnu toolchain arm-none-eabi/12.2 mpacbti-rel1/bin/../lib/gcc/arm-none-eabi/12.2.1/thumb/v7e-m+fp/hard\libc_nano.a(libc_a-stdio.o) (_lseek_r)
c:/program files (x86)/arm gnu toolchain arm-none-eabi/12.2 mpacbti-rel1/bin/../lib/gcc/arm-none-eabi/12.2.1/thumb/v7e-m+fp/hard\libc_nano.a(libc_a-readr.o)
                              c:/program files (x86)/arm gnu toolchain arm-none-eabi/12.2 mpacbti-rel1/bin/../lib/gcc/arm-none-eabi/12.2.1/thumb/v7e-m+fp/hard\libc_nano.a(libc_a-stdio.o) (_read_r)
c:/program files (x86)/arm gnu toolchain arm-none-eabi/12.2 mpacbti-rel1/bin/../lib/gcc/arm-none-eabi/12.2.1/thumb/v7e-m+fp/hard\libc_nano.a(libc_a-writer.o)
[...]
Memory Configuration

Name             Origin             Length             Attributes
RAM              0x20000000         0x00020000         xrw
FLASH            0x08000000         0x00080000         xr
*default*        0x00000000         0xffffffff

Linker script and memory map

LOAD c:/program files (x86)/arm gnu toolchain arm-none-eabi/12.2 mpacbti-rel1/bin/../lib/gcc/arm-none-eabi/12.2.1/thumb/v7e-m+fp/hard/crti.o
LOAD c:/program files (x86)/arm gnu toolchain arm-none-eabi/12.2 mpacbti-rel1/bin/../lib/gcc/arm-none-eabi/12.2.1/thumb/v7e-m+fp/hard/crtbegin.o
LOAD c:/program files (x86)/arm gnu toolchain arm-none-eabi/12.2 mpacbti-rel1/bin/../lib/gcc/arm-none-eabi/12.2.1/thumb/v7e-m+fp/hard/crt0.o
LOAD build/main.o
LOAD build/mpu6050.o
LOAD build/stm32f4xx_it.o
LOAD build/stm32f4xx_hal_msp.o
LOAD build/stm32f4xx_hal_i2c.o
LOAD build/stm32f4xx_hal_i2c_ex.o
LOAD build/stm32f4xx_hal_rcc.o
LOAD build/stm32f4xx_hal_rcc_ex.o
LOAD build/stm32f4xx_hal_flash.o
LOAD build/stm32f4xx_hal_flash_ex.o
LOAD build/stm32f4xx_hal_flash_ramfunc.o
LOAD build/stm32f4xx_hal_gpio.o
LOAD build/stm32f4xx_hal_dma_ex.o
LOAD build/stm32f4xx_hal_dma.o
LOAD build/stm32f4xx_hal_pwr.o
LOAD build/stm32f4xx_hal_pwr_ex.o
LOAD build/stm32f4xx_hal_cortex.o
LOAD build/stm32f4xx_hal.o
LOAD build/stm32f4xx_hal_exti.o
LOAD build/stm32f4xx_hal_tim.o
LOAD build/stm32f4xx_hal_tim_ex.o
LOAD build/stm32f4xx_hal_uart.o
LOAD build/system_stm32f4xx.o
LOAD build/startup_stm32f446xx.o
LOAD c:/program files (x86)/arm gnu toolchain arm-none-eabi/12.2 mpacbti-rel1/bin/../lib/gcc/arm-none-eabi/12.2.1/thumb/v7e-m+fp/hard\libc_nano.a
LOAD c:/program files (x86)/arm gnu toolchain arm-none-eabi/12.2 mpacbti-rel1/bin/../lib/gcc/arm-none-eabi/12.2.1/thumb/v7e-m+fp/hard\libm.a
LOAD c:/program files (x86)/arm gnu toolchain arm-none-eabi/12.2 mpacbti-rel1/bin/../lib/gcc/arm-none-eabi/12.2.1/thumb/v7e-m+fp/hard\libnosys.a
START GROUP
LOAD c:/program files (x86)/arm gnu toolchain arm-none-eabi/12.2 mpacbti-rel1/bin/../lib/gcc/arm-none-eabi/12.2.1/thumb/v7e-m+fp/hard\libgcc.a
LOAD c:/program files (x86)/arm gnu toolchain arm-none-eabi/12.2 mpacbti-rel1/bin/../lib/gcc/arm-none-eabi/12.2.1/thumb/v7e-m+fp/hard\libc_nano.a
END GROUP
START GROUP
LOAD c:/program files (x86)/arm gnu toolchain arm-none-eabi/12.2 mpacbti-rel1/bin/../lib/gcc/arm-none-eabi/12.2.1/thumb/v7e-m+fp/hard\libgcc.a
LOAD c:/program files (x86)/arm gnu toolchain arm-none-eabi/12.2 mpacbti-rel1/bin/../lib/gcc/arm-none-eabi/12.2.1/thumb/v7e-m+fp/hard\libc_nano.a
END GROUP
LOAD c:/program files (x86)/arm gnu toolchain arm-none-eabi/12.2 mpacbti-rel1/bin/../lib/gcc/arm-none-eabi/12.2.1/thumb/v7e-m+fp/hard/crtend.o
LOAD c:/program files (x86)/arm gnu toolchain arm-none-eabi/12.2 mpacbti-rel1/bin/../lib/gcc/arm-none-eabi/12.2.1/thumb/v7e-m+fp/hard/crtn.o
                0x20020000                        _estack = (ORIGIN (RAM) + LENGTH (RAM))
                0x00000200                        _Min_Heap_Size = 0x200
                0x00000400                        _Min_Stack_Size = 0x400

.isr_vector     0x08000000      0x1c4
                0x08000000                        . = ALIGN (0x4)
 *(.isr_vector)
 .isr_vector    0x08000000      0x1c4 build/startup_stm32f446xx.o
                0x08000000                g_pfnVectors
                0x080001c4                        . = ALIGN (0x4)

.text           0x080001d0     0x5a7c
                0x080001d0                        . = ALIGN (0x4)
 *(.text)
 .text          0x080001d0       0xa0 c:/program files (x86)/arm gnu toolchain arm-none-eabi/12.2 mpacbti-rel1/bin/../lib/gcc/arm-none-eabi/12.2.1/thumb/v7e-m+fp/hard\libc_nano.a(libc_a-memchr.o)
                0x080001d0                memchr
 .text          0x08000270       0x10 c:/program files (x86)/arm gnu toolchain arm-none-eabi/12.2 mpacbti-rel1/bin/../lib/gcc/arm-none-eabi/12.2.1/thumb/v7e-m+fp/hard\libc_nano.a(libc_a-strlen.o)
                0x08000270                strlen
 .text          0x08000280      0x378 c:/program files (x86)/arm gnu toolchain arm-none-eabi/12.2 mpacbti-rel1/bin/../lib/gcc/arm-none-eabi/12.2.1/thumb/v7e-m+fp/hard\libgcc.a(_arm_addsubdf3.o)
                0x08000280                __aeabi_drsub
                0x08000288                __aeabi_dsub
                0x08000288                __subdf3
                0x0800028c                __aeabi_dadd
                0x0800028c                __adddf3
                0x08000504                __floatunsidf
                0x08000504                __aeabi_ui2d
                0x08000524                __floatsidf
                0x08000524                __aeabi_i2d
                0x08000548                __aeabi_f2d
                0x08000548                __extendsfdf2
                0x0800058c                __floatundidf
                0x0800058c                __aeabi_ul2d
                0x0800059c                __floatdidf
                0x0800059c                __aeabi_l2d
 .text          0x080005f8      0x424 c:/program files (x86)/arm gnu toolchain arm-none-eabi/12.2 mpacbti-rel1/bin/../lib/gcc/arm-none-eabi/12.2.1/thumb/v7e-m+fp/hard\libgcc.a(_arm_muldivdf3.o)
                0x080005f8                __aeabi_dmul
                0x080005f8                __muldf3
                0x0800084c                __divdf3
                0x0800084c                __aeabi_ddiv
 .text          0x08000a1c      0x110 c:/program files (x86)/arm gnu toolchain arm-none-eabi/12.2 mpacbti-rel1/bin/../lib/gcc/arm-none-eabi/12.2.1/thumb/v7e-m+fp/hard\libgcc.a(_arm_cmpdf2.o)
                0x08000a1c                __gtdf2
                0x08000a1c                __gedf2
                0x08000a24                __ltdf2
                0x08000a24                __ledf2
                0x08000a2c                __nedf2
                0x08000a2c                __eqdf2
                0x08000a2c                __cmpdf2
                0x08000aa8                __aeabi_cdrcmple
                0x08000ab8                __aeabi_cdcmpeq
                0x08000ab8                __aeabi_cdcmple
                0x08000ac8                __aeabi_dcmpeq
                0x08000adc                __aeabi_dcmplt
                0x08000af0                __aeabi_dcmple
                0x08000b04                __aeabi_dcmpge
                0x08000b18                __aeabi_dcmpgt
 .text          0x08000b2c       0x2c c:/program files (x86)/arm gnu toolchain arm-none-eabi/12.2 mpacbti-rel1/bin/../lib/gcc/arm-none-eabi/12.2.1/thumb/v7e-m+fp/hard\libgcc.a(_arm_unorddf2.o)
                0x08000b2c                __unorddf2
                0x08000b2c                __aeabi_dcmpun
 .text          0x08000b58       0x50 c:/program files (x86)/arm gnu toolchain arm-none-eabi/12.2 mpacbti-rel1/bin/../lib/gcc/arm-none-eabi/12.2.1/thumb/v7e-m+fp/hard\libgcc.a(_arm_fixdfsi.o)
                0x08000b58                __aeabi_d2iz
                0x08000b58                __fixdfsi
 .text          0x08000ba8       0xa0 c:/program files (x86)/arm gnu toolchain arm-none-eabi/12.2 mpacbti-rel1/bin/../lib/gcc/arm-none-eabi/12.2.1/thumb/v7e-m+fp/hard\libgcc.a(_arm_truncdfsf2.o)
                0x08000ba8                __truncdfsf2
                0x08000ba8                __aeabi_d2f
 .text          0x08000c48       0x30 c:/program files (x86)/arm gnu toolchain arm-none-eabi/12.2 mpacbti-rel1/bin/../lib/gcc/arm-none-eabi/12.2.1/thumb/v7e-m+fp/hard\libgcc.a(_aeabi_uldivmod.o)
                0x08000c48                __aeabi_uldivmod
 .text          0x08000c78        0x4 c:/program files (x86)/arm gnu toolchain arm-none-eabi/12.2 mpacbti-rel1/bin/../lib/gcc/arm-none-eabi/12.2.1/thumb/v7e-m+fp/hard\libgcc.a(_dvmd_tls.o)
                0x08000c78                __aeabi_idiv0
                0x08000c78                __aeabi_ldiv0
 *(.text*)
 .text.deregister_tm_clones
                0x08000c7c       0x1c c:/program files (x86)/arm gnu toolchain arm-none-eabi/12.2 mpacbti-rel1/bin/../lib/gcc/arm-none-eabi/12.2.1/thumb/v7e-m+fp/hard/crtbegin.o
 .text.register_tm_clones
                0x08000c98       0x24 c:/program files (x86)/arm gnu toolchain arm-none-eabi/12.2 mpacbti-rel1/bin/../lib/gcc/arm-none-eabi/12.2.1/thumb/v7e-m+fp/hard/crtbegin.o
 .text.__do_global_dtors_aux
                0x08000cbc       0x28 c:/program files (x86)/arm gnu toolchain arm-none-eabi/12.2 mpacbti-rel1/bin/../lib/gcc/arm-none-eabi/12.2.1/thumb/v7e-m+fp/hard/crtbegin.o
 .text.frame_dummy
                0x08000ce4       0x24 c:/program files (x86)/arm gnu toolchain arm-none-eabi/12.2 mpacbti-rel1/bin/../lib/gcc/arm-none-eabi/12.2.1/thumb/v7e-m+fp/hard/crtbegin.o
 .text.MX_GPIO_Init
                0x08000d08       0x4c build/main.o
 .text.Error_Handler
                0x08000d54        0x4 build/main.o
                0x08000d54                Error_Handler
 .text.MX_I2C1_Init
                0x08000d58       0x38 build/main.o
 .text.MX_USART2_UART_Init
                0x08000d90       0x34 build/main.o
 .text.SystemClock_Config
                0x08000dc4       0xb4 build/main.o
                0x08000dc4                SystemClock_Config
 .text.main     0x08000e78       0xb4 build/main.o
                0x08000e78                main
 .text.MPU6050_Init
                0x08000f2c       0x98 build/mpu6050.o
                0x08000f2c                MPU6050_Init
 .text.MPU6050_Read
                0x08000fc4       0x94 build/mpu6050.o
                0x08000fc4                MPU6050_Read
 .text.MPU6050_Read_Gyro
                0x08001058       0xa4 build/mpu6050.o
                0x08001058                MPU6050_Read_Gyro
 .text.NMI_Handler
                0x080010fc        0x2 build/stm32f4xx_it.o
                0x080010fc                NMI_Handler
 .text.HardFault_Handler
                0x080010fe        0x2 build/stm32f4xx_it.o
                0x080010fe                HardFault_Handler
 .text.MemManage_Handler
                0x08001100        0x2 build/stm32f4xx_it.o
                0x08001100                MemManage_Handler
 .text.BusFault_Handler
                0x08001102        0x2 build/stm32f4xx_it.o
                0x08001102                BusFault_Handler
 .text.UsageFault_Handler
                0x08001104        0x2 build/stm32f4xx_it.o
                0x08001104                UsageFault_Handler
 .text.SVC_Handler
                0x08001106        0x2 build/stm32f4xx_it.o
                0x08001106                SVC_Handler
 .text.DebugMon_Handler
                0x08001108        0x2 build/stm32f4xx_it.o
                0x08001108                DebugMon_Handler
 .text.PendSV_Handler
                0x0800110a        0x2 build/stm32f4xx_it.o
                0x0800110a                PendSV_Handler
 .text.SysTick_Handler
                0x0800110c        0x8 build/stm32f4xx_it.o
                0x0800110c                SysTick_Handler
 .text.HAL_MspInit
                0x08001114       0x40 build/stm32f4xx_hal_msp.o
                0x08001114                HAL_MspInit
 .text.HAL_I2C_MspInit
                0x08001154       0x70 build/stm32f4xx_hal_msp.o
                0x08001154                HAL_I2C_MspInit
 .text.HAL_UART_MspInit
                0x080011c4       0x70 build/stm32f4xx_hal_msp.o
                0x080011c4                HAL_UART_MspInit
 .text.I2C_IsAcknowledgeFailed
                0x08001234       0x32 build/stm32f4xx_hal_i2c.o
 .text.I2C_WaitOnFlagUntilTimeout
                0x08001266       0x7c build/stm32f4xx_hal_i2c.o
 .text.I2C_WaitOnMasterAddressFlagUntilTimeout
                0x080012e2       0xaa build/stm32f4xx_hal_i2c.o
 .text.I2C_WaitOnTXEFlagUntilTimeout
                0x0800138c       0x54 build/stm32f4xx_hal_i2c.o
 .text.I2C_RequestMemoryWrite
                0x080013e0       0xd8 build/stm32f4xx_hal_i2c.o
 .text.I2C_RequestMemoryRead
                0x080014b8      0x154 build/stm32f4xx_hal_i2c.o
 .text.I2C_WaitOnBTFFlagUntilTimeout
                0x0800160c       0x54 build/stm32f4xx_hal_i2c.o
 .text.I2C_WaitOnRXNEFlagUntilTimeout
                0x08001660       0x6a build/stm32f4xx_hal_i2c.o
 *fill*         0x080016ca        0x2 
 .text.HAL_I2C_Init
                0x080016cc      0x1bc build/stm32f4xx_hal_i2c.o
                0x080016cc                HAL_I2C_Init
 .text.HAL_I2C_Mem_Write
                0x08001888      0x164 build/stm32f4xx_hal_i2c.o
                0x08001888                HAL_I2C_Mem_Write
 .text.HAL_I2C_Mem_Read
                0x080019ec      0x2e4 build/stm32f4xx_hal_i2c.o
                0x080019ec                HAL_I2C_Mem_Read
 .text.HAL_RCC_ClockConfig
                0x08001cd0      0x160 build/stm32f4xx_hal_rcc.o
                0x08001cd0                HAL_RCC_ClockConfig
 .text.HAL_RCC_GetHCLKFreq
                0x08001e30        0xc build/stm32f4xx_hal_rcc.o
                0x08001e30                HAL_RCC_GetHCLKFreq
 .text.HAL_RCC_GetPCLK1Freq
                0x08001e3c       0x20 build/stm32f4xx_hal_rcc.o
                0x08001e3c                HAL_RCC_GetPCLK1Freq
 .text.HAL_RCC_GetPCLK2Freq
                0x08001e5c       0x20 build/stm32f4xx_hal_rcc.o
                0x08001e5c                HAL_RCC_GetPCLK2Freq
 .text.HAL_RCC_GetSysClockFreq
                0x08001e7c      0x180 build/stm32f4xx_hal_rcc_ex.o
                0x08001e7c                HAL_RCC_GetSysClockFreq
 .text.HAL_RCC_OscConfig
                0x08001ffc      0x444 build/stm32f4xx_hal_rcc_ex.o
                0x08001ffc                HAL_RCC_OscConfig
 .text.HAL_GPIO_Init
                0x08002440      0x1d8 build/stm32f4xx_hal_gpio.o
                0x08002440                HAL_GPIO_Init
 .text.HAL_PWREx_EnableOverDrive
                0x08002618       0x7c build/stm32f4xx_hal_pwr_ex.o
                0x08002618                HAL_PWREx_EnableOverDrive
 .text.HAL_NVIC_SetPriorityGrouping
                0x08002694       0x24 build/stm32f4xx_hal_cortex.o
                0x08002694                HAL_NVIC_SetPriorityGrouping
 .text.HAL_NVIC_SetPriority
                0x080026b8       0x70 build/stm32f4xx_hal_cortex.o
                0x080026b8                HAL_NVIC_SetPriority
 .text.HAL_SYSTICK_Config
                0x08002728       0x28 build/stm32f4xx_hal_cortex.o
                0x08002728                HAL_SYSTICK_Config
 .text.HAL_InitTick
                0x08002750       0x4c build/stm32f4xx_hal.o
                0x08002750                HAL_InitTick
 .text.HAL_Init
                0x0800279c       0x34 build/stm32f4xx_hal.o
                0x0800279c                HAL_Init
 .text.HAL_IncTick
                0x080027d0       0x18 build/stm32f4xx_hal.o
                0x080027d0                HAL_IncTick
 .text.HAL_GetTick
                0x080027e8        0xc build/stm32f4xx_hal.o
                0x080027e8                HAL_GetTick
 .text.HAL_Delay
                0x080027f4       0x28 build/stm32f4xx_hal.o
                0x080027f4                HAL_Delay
 .text.UART_SetConfig
                0x0800281c      0x110 build/stm32f4xx_hal_uart.o
 .text.UART_WaitOnFlagUntilTimeout
                0x0800292c       0x88 build/stm32f4xx_hal_uart.o
 .text.HAL_UART_Init
                0x080029b4       0x5e build/stm32f4xx_hal_uart.o
                0x080029b4                HAL_UART_Init
 .text.HAL_UART_Transmit
                0x08002a12       0xd8 build/stm32f4xx_hal_uart.o
                0x08002a12                HAL_UART_Transmit
 *fill*         0x08002aea        0x2 
 .text.SystemInit
                0x08002aec       0x14 build/system_stm32f4xx.o
                0x08002aec                SystemInit
 .text.Reset_Handler
                0x08002b00       0x50 build/startup_stm32f446xx.o
                0x08002b00                Reset_Handler
 .text.Default_Handler
                0x08002b50        0x2 build/startup_stm32f446xx.o
                0x08002b50                RTC_Alarm_IRQHandler
                0x08002b50                EXTI2_IRQHandler
                0x08002b50                TIM8_CC_IRQHandler
                0x08002b50                FMPI2C1_EV_IRQHandler
                0x08002b50                SPI4_IRQHandler
                0x08002b50                TIM1_CC_IRQHandler
                0x08002b50                DMA2_Stream5_IRQHandler
                0x08002b50                DMA1_Stream5_IRQHandler
                0x08002b50                PVD_IRQHandler
                0x08002b50                SDIO_IRQHandler
                0x08002b50                TAMP_STAMP_IRQHandler
                0x08002b50                CAN2_RX1_IRQHandler
                0x08002b50                EXTI3_IRQHandler
                0x08002b50                TIM8_TRG_COM_TIM14_IRQHandler
                0x08002b50                TIM1_UP_TIM10_IRQHandler
                0x08002b50                TIM8_UP_TIM13_IRQHandler
                0x08002b50                I2C3_ER_IRQHandler
                0x08002b50                EXTI0_IRQHandler
                0x08002b50                I2C2_EV_IRQHandler
                0x08002b50                DMA1_Stream2_IRQHandler
                0x08002b50                CAN1_RX0_IRQHandler
                0x08002b50                FPU_IRQHandler
                0x08002b50                OTG_HS_WKUP_IRQHandler
                0x08002b50                CAN2_SCE_IRQHandler
                0x08002b50                DMA2_Stream2_IRQHandler
                0x08002b50                SPI1_IRQHandler
                0x08002b50                TIM6_DAC_IRQHandler
                0x08002b50                TIM1_BRK_TIM9_IRQHandler
                0x08002b50                DCMI_IRQHandler
                0x08002b50                CAN2_RX0_IRQHandler
                0x08002b50                DMA2_Stream3_IRQHandler
                0x08002b50                SAI2_IRQHandler
                0x08002b50                USART6_IRQHandler
                0x08002b50                USART3_IRQHandler
                0x08002b50                CAN1_RX1_IRQHandler
                0x08002b50                UART5_IRQHandler
                0x08002b50                DMA2_Stream0_IRQHandler
                0x08002b50                TIM4_IRQHandler
                0x08002b50                QUADSPI_IRQHandler
                0x08002b50                I2C1_EV_IRQHandler
                0x08002b50                DMA1_Stream6_IRQHandler
                0x08002b50                DMA1_Stream1_IRQHandler
                0x08002b50                UART4_IRQHandler
                0x08002b50                TIM3_IRQHandler
                0x08002b50                RCC_IRQHandler
                0x08002b50                TIM8_BRK_TIM12_IRQHandler
                0x08002b50                Default_Handler
                0x08002b50                CEC_IRQHandler
                0x08002b50                EXTI15_10_IRQHandler
                0x08002b50                ADC_IRQHandler
                0x08002b50                DMA1_Stream7_IRQHandler
                0x08002b50                TIM7_IRQHandler
                0x08002b50                CAN2_TX_IRQHandler
                0x08002b50                TIM5_IRQHandler
                0x08002b50                DMA2_Stream7_IRQHandler
                0x08002b50                I2C3_EV_IRQHandler
                0x08002b50                EXTI9_5_IRQHandler
                0x08002b50                RTC_WKUP_IRQHandler
                0x08002b50                SPDIF_RX_IRQHandler
                0x08002b50                SPI2_IRQHandler
                0x08002b50                OTG_HS_EP1_IN_IRQHandler
                0x08002b50                DMA1_Stream0_IRQHandler
                0x08002b50                CAN1_TX_IRQHandler
                0x08002b50                FMPI2C1_ER_IRQHandler
                0x08002b50                EXTI4_IRQHandler
                0x08002b50                OTG_HS_EP1_OUT_IRQHandler
                0x08002b50                WWDG_IRQHandler
                0x08002b50                TIM2_IRQHandler
                0x08002b50                OTG_FS_WKUP_IRQHandler
                0x08002b50                TIM1_TRG_COM_TIM11_IRQHandler
                0x08002b50                OTG_HS_IRQHandler
                0x08002b50                EXTI1_IRQHandler
                0x08002b50                USART2_IRQHandler
                0x08002b50                I2C2_ER_IRQHandler
                0x08002b50                DMA2_Stream1_IRQHandler
                0x08002b50                CAN1_SCE_IRQHandler
                0x08002b50                FLASH_IRQHandler
                0x08002b50                DMA2_Stream4_IRQHandler
                0x08002b50                USART1_IRQHandler
                0x08002b50                OTG_FS_IRQHandler
                0x08002b50                SPI3_IRQHandler
                0x08002b50                DMA1_Stream4_IRQHandler
                0x08002b50                I2C1_ER_IRQHandler
                0x08002b50                FMC_IRQHandler
                0x08002b50                DMA2_Stream6_IRQHandler
                0x08002b50                SAI1_IRQHandler
                0x08002b50                DMA1_Stream3_IRQHandler
 .text.__cvt    0x08002b52       0xd2 c:/program files (x86)/arm gnu toolchain arm-none-eabi/12.2 mpacbti-rel1/bin/../lib/gcc/arm-none-eabi/12.2.1/thumb/v7e-m+fp/hard\libc_nano.a(libc_a-nano-vfprintf_float.o)
                0x08002b52                __cvt
 .text.__exponent
                0x08002c24       0x74 c:/program files (x86)/arm gnu toolchain arm-none-eabi/12.2 mpacbti-rel1/bin/../lib/gcc/arm-none-eabi/12.2.1/thumb/v7e-m+fp/hard\libc_nano.a(libc_a-nano-vfprintf_float.o)
                0x08002c24                __exponent
 .text._printf_float
                0x08002c98      0x464 c:/program files (x86)/arm gnu toolchain arm-none-eabi/12.2 mpacbti-rel1/bin/../lib/gcc/arm-none-eabi/12.2.1/thumb/v7e-m+fp/hard\libc_nano.a(libc_a-nano-vfprintf_float.o)
                0x08002c98                _printf_float
 .text._printf_common
                0x080030fc       0xda c:/program files (x86)/arm gnu toolchain arm-none-eabi/12.2 mpacbti-rel1/bin/../lib/gcc/arm-none-eabi/12.2.1/thumb/v7e-m+fp/hard\libc_nano.a(libc_a-nano-vfprintf_i.o)
                0x080030fc                _printf_common
 *fill*         0x080031d6        0x2 
 .text._printf_i
                0x080031d8      0x258 c:/program files (x86)/arm gnu toolchain arm-none-eabi/12.2 mpacbti-rel1/bin/../lib/gcc/arm-none-eabi/12.2.1/thumb/v7e-m+fp/hard\libc_nano.a(libc_a-nano-vfprintf_i.o)
                0x080031d8                _printf_i
 .text.std      0x08003430       0x6c c:/program files (x86)/arm gnu toolchain arm-none-eabi/12.2 mpacbti-rel1/bin/../lib/gcc/arm-none-eabi/12.2.1/thumb/v7e-m+fp/hard\libc_nano.a(libc_a-findfp.o)
 .text.stdio_exit_handler
                0x0800349c       0x18 c:/program files (x86)/arm gnu toolchain arm-none-eabi/12.2 mpacbti-rel1/bin/../lib/gcc/arm-none-eabi/12.2.1/thumb/v7e-m+fp/hard\libc_nano.a(libc_a-findfp.o)
 .text.cleanup_stdio
                0x080034b4       0x40 c:/program files (x86)/arm gnu toolchain arm-none-eabi/12.2 mpacbti-rel1/bin/../lib/gcc/arm-none-eabi/12.2.1/thumb/v7e-m+fp/hard\libc_nano.a(libc_a-findfp.o)
 .text.global_stdio_init.part.0
                0x080034f4       0x3c c:/program files (x86)/arm gnu toolchain arm-none-eabi/12.2 mpacbti-rel1/bin/../lib/gcc/arm-none-eabi/12.2.1/thumb/v7e-m+fp/hard\libc_nano.a(libc_a-findfp.o)
 .text.__sfp_lock_acquire
                0x08003530        0xc c:/program files (x86)/arm gnu toolchain arm-none-eabi/12.2 mpacbti-rel1/bin/../lib/gcc/arm-none-eabi/12.2.1/thumb/v7e-m+fp/hard\libc_nano.a(libc_a-findfp.o)
                0x08003530                __sfp_lock_acquire
 .text.__sfp_lock_release
                0x0800353c        0xc c:/program files (x86)/arm gnu toolchain arm-none-eabi/12.2 mpacbti-rel1/bin/../lib/gcc/arm-none-eabi/12.2.1/thumb/v7e-m+fp/hard\libc_nano.a(libc_a-findfp.o)
                0x0800353c                __sfp_lock_release
 .text.__sinit  0x08003548       0x30 c:/program files (x86)/arm gnu toolchain arm-none-eabi/12.2 mpacbti-rel1/bin/../lib/gcc/arm-none-eabi/12.2.1/thumb/v7e-m+fp/hard\libc_nano.a(libc_a-findfp.o)
                0x08003548                __sinit
 .text._fwalk_sglue
                0x08003578       0x3c c:/program files (x86)/arm gnu toolchain arm-none-eabi/12.2 mpacbti-rel1/bin/../lib/gcc/arm-none-eabi/12.2.1/thumb/v7e-m+fp/hard\libc_nano.a(libc_a-fwalk.o)
                0x08003578                _fwalk_sglue
 .text.sprintf  0x080035b4       0x40 c:/program files (x86)/arm gnu toolchain arm-none-eabi/12.2 mpacbti-rel1/bin/../lib/gcc/arm-none-eabi/12.2.1/thumb/v7e-m+fp/hard\libc_nano.a(libc_a-sprintf.o)
                0x080035b4                siprintf
                0x080035b4                sprintf
 .text.__sread  0x080035f4       0x22 c:/program files (x86)/arm gnu toolchain arm-none-eabi/12.2 mpacbti-rel1/bin/../lib/gcc/arm-none-eabi/12.2.1/thumb/v7e-m+fp/hard\libc_nano.a(libc_a-stdio.o)
                0x080035f4                __sread
 .text.__swrite
                0x08003616       0x38 c:/program files (x86)/arm gnu toolchain arm-none-eabi/12.2 mpacbti-rel1/bin/../lib/gcc/arm-none-eabi/12.2.1/thumb/v7e-m+fp/hard\libc_nano.a(libc_a-stdio.o)
                0x08003616                __swrite
 .text.__sseek  0x0800364e       0x24 c:/program files (x86)/arm gnu toolchain arm-none-eabi/12.2 mpacbti-rel1/bin/../lib/gcc/arm-none-eabi/12.2.1/thumb/v7e-m+fp/hard\libc_nano.a(libc_a-stdio.o)
                0x0800364e                __sseek
 .text.__sclose
                0x08003672        0x8 c:/program files (x86)/arm gnu toolchain arm-none-eabi/12.2 mpacbti-rel1/bin/../lib/gcc/arm-none-eabi/12.2.1/thumb/v7e-m+fp/hard\libc_nano.a(libc_a-stdio.o)
                0x08003672                __sclose
 .text.memset   0x0800367a       0x10 c:/program files (x86)/arm gnu toolchain arm-none-eabi/12.2 mpacbti-rel1/bin/../lib/gcc/arm-none-eabi/12.2.1/thumb/v7e-m+fp/hard\libc_nano.a(libc_a-memset.o)
                0x0800367a                memset
 *fill*         0x0800368a        0x2 
 .text._localeconv_r
                0x0800368c        0x8 c:/program files (x86)/arm gnu toolchain arm-none-eabi/12.2 mpacbti-rel1/bin/../lib/gcc/arm-none-eabi/12.2.1/thumb/v7e-m+fp/hard\libc_nano.a(libc_a-localeconv.o)
                0x0800368c                _localeconv_r
 .text._close_r
                0x08003694       0x20 c:/program files (x86)/arm gnu toolchain arm-none-eabi/12.2 mpacbti-rel1/bin/../lib/gcc/arm-none-eabi/12.2.1/thumb/v7e-m+fp/hard\libc_nano.a(libc_a-closer.o)
                0x08003694                _close_r
 .text._lseek_r
                0x080036b4       0x24 c:/program files (x86)/arm gnu toolchain arm-none-eabi/12.2 mpacbti-rel1/bin/../lib/gcc/arm-none-eabi/12.2.1/thumb/v7e-m+fp/hard\libc_nano.a(libc_a-lseekr.o)
                0x080036b4                _lseek_r
 .text._read_r  0x080036d8       0x24 c:/program files (x86)/arm gnu toolchain arm-none-eabi/12.2 mpacbti-rel1/bin/../lib/gcc/arm-none-eabi/12.2.1/thumb/v7e-m+fp/hard\libc_nano.a(libc_a-readr.o)
                0x080036d8                _read_r
 .text._write_r
                0x080036fc       0x24 c:/program files (x86)/arm gnu toolchain arm-none-eabi/12.2 mpacbti-rel1/bin/../lib/gcc/arm-none-eabi/12.2.1/thumb/v7e-m+fp/hard\libc_nano.a(libc_a-writer.o)
                0x080036fc                _write_r
 .text.__libc_init_array
                0x08003720       0x48 c:/program files (x86)/arm gnu toolchain arm-none-eabi/12.2 mpacbti-rel1/bin/../lib/gcc/arm-none-eabi/12.2.1/thumb/v7e-m+fp/hard\libc_nano.a(libc_a-init.o)
                0x08003720                __libc_init_array
 .text.__retarget_lock_init_recursive
                0x08003768        0x2 c:/program files (x86)/arm gnu toolchain arm-none-eabi/12.2 mpacbti-rel1/bin/../lib/gcc/arm-none-eabi/12.2.1/thumb/v7e-m+fp/hard\libc_nano.a(libc_a-lock.o)
                0x08003768                __retarget_lock_init_recursive
 .text.__retarget_lock_acquire_recursive
                0x0800376a        0x2 c:/program files (x86)/arm gnu toolchain arm-none-eabi/12.2 mpacbti-rel1/bin/../lib/gcc/arm-none-eabi/12.2.1/thumb/v7e-m+fp/hard\libc_nano.a(libc_a-lock.o)
                0x0800376a                __retarget_lock_acquire_recursive
 .text.__retarget_lock_release_recursive
                0x0800376c        0x2 c:/program files (x86)/arm gnu toolchain arm-none-eabi/12.2 mpacbti-rel1/bin/../lib/gcc/arm-none-eabi/12.2.1/thumb/v7e-m+fp/hard\libc_nano.a(libc_a-lock.o)
                0x0800376c                __retarget_lock_release_recursive
 .text.quorem   0x0800376e      0x110 c:/program files (x86)/arm gnu toolchain arm-none-eabi/12.2 mpacbti-rel1/bin/../lib/gcc/arm-none-eabi/12.2.1/thumb/v7e-m+fp/hard\libc_nano.a(libc_a-dtoa.o)
 *fill*         0x0800387e        0x2 
 .text._dtoa_r  0x08003880      0xc58 c:/program files (x86)/arm gnu toolchain arm-none-eabi/12.2 mpacbti-rel1/bin/../lib/gcc/arm-none-eabi/12.2.1/thumb/v7e-m+fp/hard\libc_nano.a(libc_a-dtoa.o)
                0x08003880                _dtoa_r
 .text._free_r  0x080044d8       0x94 c:/program files (x86)/arm gnu toolchain arm-none-eabi/12.2 mpacbti-rel1/bin/../lib/gcc/arm-none-eabi/12.2.1/thumb/v7e-m+fp/hard\libc_nano.a(libc_a-freer.o)
                0x080044d8                _free_r
 .text.malloc   0x0800456c       0x10 c:/program files (x86)/arm gnu toolchain arm-none-eabi/12.2 mpacbti-rel1/bin/../lib/gcc/arm-none-eabi/12.2.1/thumb/v7e-m+fp/hard\libc_nano.a(libc_a-malloc.o)
                0x0800456c                malloc
 .text.sbrk_aligned
                0x0800457c       0x44 c:/program files (x86)/arm gnu toolchain arm-none-eabi/12.2 mpacbti-rel1/bin/../lib/gcc/arm-none-eabi/12.2.1/thumb/v7e-m+fp/hard\libc_nano.a(libc_a-mallocr.o)
 .text._malloc_r
                0x080045c0      0x100 c:/program files (x86)/arm gnu toolchain arm-none-eabi/12.2 mpacbti-rel1/bin/../lib/gcc/arm-none-eabi/12.2.1/thumb/v7e-m+fp/hard\libc_nano.a(libc_a-mallocr.o)
                0x080045c0                _malloc_r
 .text.__malloc_lock
                0x080046c0        0xc c:/program files (x86)/arm gnu toolchain arm-none-eabi/12.2 mpacbti-rel1/bin/../lib/gcc/arm-none-eabi/12.2.1/thumb/v7e-m+fp/hard\libc_nano.a(libc_a-mlock.o)
                0x080046c0                __malloc_lock
 .text.__malloc_unlock
                0x080046cc        0xc c:/program files (x86)/arm gnu toolchain arm-none-eabi/12.2 mpacbti-rel1/bin/../lib/gcc/arm-none-eabi/12.2.1/thumb/v7e-m+fp/hard\libc_nano.a(libc_a-mlock.o)
                0x080046cc                __malloc_unlock
 .text._Balloc  0x080046d8       0x80 c:/program files (x86)/arm gnu toolchain arm-none-eabi/12.2 mpacbti-rel1/bin/../lib/gcc/arm-none-eabi/12.2.1/thumb/v7e-m+fp/hard\libc_nano.a(libc_a-mprec.o)
                0x080046d8                _Balloc
 .text._Bfree   0x08004758       0x44 c:/program files (x86)/arm gnu toolchain arm-none-eabi/12.2 mpacbti-rel1/bin/../lib/gcc/arm-none-eabi/12.2.1/thumb/v7e-m+fp/hard\libc_nano.a(libc_a-mprec.o)
                0x08004758                _Bfree
 .text.__multadd
                0x0800479c       0x8c c:/program files (x86)/arm gnu toolchain arm-none-eabi/12.2 mpacbti-rel1/bin/../lib/gcc/arm-none-eabi/12.2.1/thumb/v7e-m+fp/hard\libc_nano.a(libc_a-mprec.o)
                0x0800479c                __multadd
 .text.__hi0bits
                0x08004828       0x44 c:/program files (x86)/arm gnu toolchain arm-none-eabi/12.2 mpacbti-rel1/bin/../lib/gcc/arm-none-eabi/12.2.1/thumb/v7e-m+fp/hard\libc_nano.a(libc_a-mprec.o)
                0x08004828                __hi0bits
 .text.__lo0bits
                0x0800486c       0x5a c:/program files (x86)/arm gnu toolchain arm-none-eabi/12.2 mpacbti-rel1/bin/../lib/gcc/arm-none-eabi/12.2.1/thumb/v7e-m+fp/hard\libc_nano.a(libc_a-mprec.o)
                0x0800486c                __lo0bits
 *fill*         0x080048c6        0x2 
 .text.__i2b    0x080048c8       0x2c c:/program files (x86)/arm gnu toolchain arm-none-eabi/12.2 mpacbti-rel1/bin/../lib/gcc/arm-none-eabi/12.2.1/thumb/v7e-m+fp/hard\libc_nano.a(libc_a-mprec.o)
                0x080048c8                __i2b
 .text.__multiply
                0x080048f4      0x154 c:/program files (x86)/arm gnu toolchain arm-none-eabi/12.2 mpacbti-rel1/bin/../lib/gcc/arm-none-eabi/12.2.1/thumb/v7e-m+fp/hard\libc_nano.a(libc_a-mprec.o)
                0x080048f4                __multiply
 .text.__pow5mult
                0x08004a48       0xb4 c:/program files (x86)/arm gnu toolchain arm-none-eabi/12.2 mpacbti-rel1/bin/../lib/gcc/arm-none-eabi/12.2.1/thumb/v7e-m+fp/hard\libc_nano.a(libc_a-mprec.o)
                0x08004a48                __pow5mult
 .text.__lshift
                0x08004afc       0xd8 c:/program files (x86)/arm gnu toolchain arm-none-eabi/12.2 mpacbti-rel1/bin/../lib/gcc/arm-none-eabi/12.2.1/thumb/v7e-m+fp/hard\libc_nano.a(libc_a-mprec.o)
                0x08004afc                __lshift
 .text.__mcmp   0x08004bd4       0x36 c:/program files (x86)/arm gnu toolchain arm-none-eabi/12.2 mpacbti-rel1/bin/../lib/gcc/arm-none-eabi/12.2.1/thumb/v7e-m+fp/hard\libc_nano.a(libc_a-mprec.o)
                0x08004bd4                __mcmp
 *fill*         0x08004c0a        0x2 
 .text.__mdiff  0x08004c0c      0x128 c:/program files (x86)/arm gnu toolchain arm-none-eabi/12.2 mpacbti-rel1/bin/../lib/gcc/arm-none-eabi/12.2.1/thumb/v7e-m+fp/hard\libc_nano.a(libc_a-mprec.o)
                0x08004c0c                __mdiff
 .text.__d2b    0x08004d34       0xb0 c:/program files (x86)/arm gnu toolchain arm-none-eabi/12.2 mpacbti-rel1/bin/../lib/gcc/arm-none-eabi/12.2.1/thumb/v7e-m+fp/hard\libc_nano.a(libc_a-mprec.o)
                0x08004d34                __d2b
 .text.__ssputs_r
                0x08004de4       0xb6 c:/program files (x86)/arm gnu toolchain arm-none-eabi/12.2 mpacbti-rel1/bin/../lib/gcc/arm-none-eabi/12.2.1/thumb/v7e-m+fp/hard\libc_nano.a(libc_a-nano-svfprintf.o)
                0x08004de4                __ssputs_r
 *fill*         0x08004e9a        0x2 
 .text._svfprintf_r
                0x08004e9c      0x1f8 c:/program files (x86)/arm gnu toolchain arm-none-eabi/12.2 mpacbti-rel1/bin/../lib/gcc/arm-none-eabi/12.2.1/thumb/v7e-m+fp/hard\libc_nano.a(libc_a-nano-svfprintf.o)
                0x08004e9c                _svfiprintf_r
                0x08004e9c                _svfprintf_r
 .text.__sflush_r
                0x08005094      0x108 c:/program files (x86)/arm gnu toolchain arm-none-eabi/12.2 mpacbti-rel1/bin/../lib/gcc/arm-none-eabi/12.2.1/thumb/v7e-m+fp/hard\libc_nano.a(libc_a-fflush.o)
                0x08005094                __sflush_r
 .text._fflush_r
                0x0800519c       0x50 c:/program files (x86)/arm gnu toolchain arm-none-eabi/12.2 mpacbti-rel1/bin/../lib/gcc/arm-none-eabi/12.2.1/thumb/v7e-m+fp/hard\libc_nano.a(libc_a-fflush.o)
                0x0800519c                _fflush_r
 .text.memmove  0x080051ec       0x34 c:/program files (x86)/arm gnu toolchain arm-none-eabi/12.2 mpacbti-rel1/bin/../lib/gcc/arm-none-eabi/12.2.1/thumb/v7e-m+fp/hard\libc_nano.a(libc_a-memmove.o)
                0x080051ec                memmove
 .text._sbrk_r  0x08005220       0x20 c:/program files (x86)/arm gnu toolchain arm-none-eabi/12.2 mpacbti-rel1/bin/../lib/gcc/arm-none-eabi/12.2.1/thumb/v7e-m+fp/hard\libc_nano.a(libc_a-sbrkr.o)
                0x08005220                _sbrk_r
 .text.memcpy   0x08005240       0x1c c:/program files (x86)/arm gnu toolchain arm-none-eabi/12.2 mpacbti-rel1/bin/../lib/gcc/arm-none-eabi/12.2.1/thumb/v7e-m+fp/hard\libc_nano.a(libc_a-memcpy-stub.o)
                0x08005240                memcpy
 .text.__assert_func
                0x0800525c       0x3c c:/program files (x86)/arm gnu toolchain arm-none-eabi/12.2 mpacbti-rel1/bin/../lib/gcc/arm-none-eabi/12.2.1/thumb/v7e-m+fp/hard\libc_nano.a(libc_a-assert.o)
                0x0800525c                __assert_func
 .text._calloc_r
                0x08005298       0x28 c:/program files (x86)/arm gnu toolchain arm-none-eabi/12.2 mpacbti-rel1/bin/../lib/gcc/arm-none-eabi/12.2.1/thumb/v7e-m+fp/hard\libc_nano.a(libc_a-callocr.o)
                0x08005298                _calloc_r
 .text.__ascii_mbtowc
                0x080052c0       0x24 c:/program files (x86)/arm gnu toolchain arm-none-eabi/12.2 mpacbti-rel1/bin/../lib/gcc/arm-none-eabi/12.2.1/thumb/v7e-m+fp/hard\libc_nano.a(libc_a-mbtowc_r.o)
                0x080052c0                __ascii_mbtowc
 .text._realloc_r
                0x080052e4       0x5c c:/program files (x86)/arm gnu toolchain arm-none-eabi/12.2 mpacbti-rel1/bin/../lib/gcc/arm-none-eabi/12.2.1/thumb/v7e-m+fp/hard\libc_nano.a(libc_a-reallocr.o)
                0x080052e4                _realloc_r
 .text.__ascii_wctomb
                0x08005340       0x1a c:/program files (x86)/arm gnu toolchain arm-none-eabi/12.2 mpacbti-rel1/bin/../lib/gcc/arm-none-eabi/12.2.1/thumb/v7e-m+fp/hard\libc_nano.a(libc_a-wctomb_r.o)
                0x08005340                __ascii_wctomb
 *fill*         0x0800535a        0x2 
 .text.fprintf  0x0800535c       0x24 c:/program files (x86)/arm gnu toolchain arm-none-eabi/12.2 mpacbti-rel1/bin/../lib/gcc/arm-none-eabi/12.2.1/thumb/v7e-m+fp/hard\libc_nano.a(libc_a-fprintf.o)
                0x0800535c                fiprintf
                0x0800535c                fprintf
 .text.abort    0x08005380        0xe c:/program files (x86)/arm gnu toolchain arm-none-eabi/12.2 mpacbti-rel1/bin/../lib/gcc/arm-none-eabi/12.2.1/thumb/v7e-m+fp/hard\libc_nano.a(libc_a-abort.o)
                0x08005380                abort
 .text._malloc_usable_size_r
                0x0800538e       0x10 c:/program files (x86)/arm gnu toolchain arm-none-eabi/12.2 mpacbti-rel1/bin/../lib/gcc/arm-none-eabi/12.2.1/thumb/v7e-m+fp/hard\libc_nano.a(libc_a-msizer.o)
                0x0800538e                _malloc_usable_size_r
 .text.__sfputc_r
                0x0800539e       0x2e c:/program files (x86)/arm gnu toolchain arm-none-eabi/12.2 mpacbti-rel1/bin/../lib/gcc/arm-none-eabi/12.2.1/thumb/v7e-m+fp/hard\libc_nano.a(libc_a-nano-vfprintf.o)
 .text.__sfputs_r
                0x080053cc       0x24 c:/program files (x86)/arm gnu toolchain arm-none-eabi/12.2 mpacbti-rel1/bin/../lib/gcc/arm-none-eabi/12.2.1/thumb/v7e-m+fp/hard\libc_nano.a(libc_a-nano-vfprintf.o)
                0x080053cc                __sfputs_r
 .text._vfprintf_r
                0x080053f0      0x230 c:/program files (x86)/arm gnu toolchain arm-none-eabi/12.2 mpacbti-rel1/bin/../lib/gcc/arm-none-eabi/12.2.1/thumb/v7e-m+fp/hard\libc_nano.a(libc_a-nano-vfprintf.o)
                0x080053f0                _vfprintf_r
                0x080053f0                _vfiprintf_r
 .text.__swbuf_r
                0x08005620       0x7c c:/program files (x86)/arm gnu toolchain arm-none-eabi/12.2 mpacbti-rel1/bin/../lib/gcc/arm-none-eabi/12.2.1/thumb/v7e-m+fp/hard\libc_nano.a(libc_a-wbuf.o)
                0x08005620                __swbuf_r
 .text.__swsetup_r
                0x0800569c       0xac c:/program files (x86)/arm gnu toolchain arm-none-eabi/12.2 mpacbti-rel1/bin/../lib/gcc/arm-none-eabi/12.2.1/thumb/v7e-m+fp/hard\libc_nano.a(libc_a-wsetup.o)
                0x0800569c                __swsetup_r
 .text._raise_r
                0x08005748       0x50 c:/program files (x86)/arm gnu toolchain arm-none-eabi/12.2 mpacbti-rel1/bin/../lib/gcc/arm-none-eabi/12.2.1/thumb/v7e-m+fp/hard\libc_nano.a(libc_a-signal.o)
                0x08005748                _raise_r
 .text.raise    0x08005798       0x10 c:/program files (x86)/arm gnu toolchain arm-none-eabi/12.2 mpacbti-rel1/bin/../lib/gcc/arm-none-eabi/12.2.1/thumb/v7e-m+fp/hard\libc_nano.a(libc_a-signal.o)
                0x08005798                raise
 .text._kill_r  0x080057a8       0x24 c:/program files (x86)/arm gnu toolchain arm-none-eabi/12.2 mpacbti-rel1/bin/../lib/gcc/arm-none-eabi/12.2.1/thumb/v7e-m+fp/hard\libc_nano.a(libc_a-signalr.o)
                0x080057a8                _kill_r
 .text._getpid_r
                0x080057cc        0x4 c:/program files (x86)/arm gnu toolchain arm-none-eabi/12.2 mpacbti-rel1/bin/../lib/gcc/arm-none-eabi/12.2.1/thumb/v7e-m+fp/hard\libc_nano.a(libc_a-signalr.o)
                0x080057cc                _getpid_r
 .text.__swhatbuf_r
                0x080057d0       0x4c c:/program files (x86)/arm gnu toolchain arm-none-eabi/12.2 mpacbti-rel1/bin/../lib/gcc/arm-none-eabi/12.2.1/thumb/v7e-m+fp/hard\libc_nano.a(libc_a-makebuf.o)
                0x080057d0                __swhatbuf_r
 .text.__smakebuf_r
                0x0800581c       0x78 c:/program files (x86)/arm gnu toolchain arm-none-eabi/12.2 mpacbti-rel1/bin/../lib/gcc/arm-none-eabi/12.2.1/thumb/v7e-m+fp/hard\libc_nano.a(libc_a-makebuf.o)
                0x0800581c                __smakebuf_r
 .text._fstat_r
                0x08005894       0x24 c:/program files (x86)/arm gnu toolchain arm-none-eabi/12.2 mpacbti-rel1/bin/../lib/gcc/arm-none-eabi/12.2.1/thumb/v7e-m+fp/hard\libc_nano.a(libc_a-fstatr.o)
                0x08005894                _fstat_r
 .text._isatty_r
                0x080058b8       0x20 c:/program files (x86)/arm gnu toolchain arm-none-eabi/12.2 mpacbti-rel1/bin/../lib/gcc/arm-none-eabi/12.2.1/thumb/v7e-m+fp/hard\libc_nano.a(libc_a-isattyr.o)
                0x080058b8                _isatty_r
 .text._close   0x080058d8       0x10 c:/program files (x86)/arm gnu toolchain arm-none-eabi/12.2 mpacbti-rel1/bin/../lib/gcc/arm-none-eabi/12.2.1/thumb/v7e-m+fp/hard\libnosys.a(close.o)
                0x080058d8                _close
 .text._fstat   0x080058e8       0x10 c:/program files (x86)/arm gnu toolchain arm-none-eabi/12.2 mpacbti-rel1/bin/../lib/gcc/arm-none-eabi/12.2.1/thumb/v7e-m+fp/hard\libnosys.a(fstat.o)
                0x080058e8                _fstat
 .text._getpid  0x080058f8       0x10 c:/program files (x86)/arm gnu toolchain arm-none-eabi/12.2 mpacbti-rel1/bin/../lib/gcc/arm-none-eabi/12.2.1/thumb/v7e-m+fp/hard\libnosys.a(getpid.o)
                0x080058f8                _getpid
 .text._isatty  0x08005908       0x10 c:/program files (x86)/arm gnu toolchain arm-none-eabi/12.2 mpacbti-rel1/bin/../lib/gcc/arm-none-eabi/12.2.1/thumb/v7e-m+fp/hard\libnosys.a(isatty.o)
                0x08005908                _isatty
 .text._kill    0x08005918       0x10 c:/program files (x86)/arm gnu toolchain arm-none-eabi/12.2 mpacbti-rel1/bin/../lib/gcc/arm-none-eabi/12.2.1/thumb/v7e-m+fp/hard\libnosys.a(kill.o)
                0x08005918                _kill
 .text._lseek   0x08005928       0x10 c:/program files (x86)/arm gnu toolchain arm-none-eabi/12.2 mpacbti-rel1/bin/../lib/gcc/arm-none-eabi/12.2.1/thumb/v7e-m+fp/hard\libnosys.a(lseek.o)
                0x08005928                _lseek
 .text._read    0x08005938       0x10 c:/program files (x86)/arm gnu toolchain arm-none-eabi/12.2 mpacbti-rel1/bin/../lib/gcc/arm-none-eabi/12.2.1/thumb/v7e-m+fp/hard\libnosys.a(read.o)
                0x08005938                _read
 .text._sbrk    0x08005948       0x1c c:/program files (x86)/arm gnu toolchain arm-none-eabi/12.2 mpacbti-rel1/bin/../lib/gcc/arm-none-eabi/12.2.1/thumb/v7e-m+fp/hard\libnosys.a(sbrk.o)
                0x08005948                _sbrk
 .text._write   0x08005964       0x10 c:/program files (x86)/arm gnu toolchain arm-none-eabi/12.2 mpacbti-rel1/bin/../lib/gcc/arm-none-eabi/12.2.1/thumb/v7e-m+fp/hard\libnosys.a(write.o)
                0x08005964                _write
 .text._exit    0x08005974        0x4 c:/program files (x86)/arm gnu toolchain arm-none-eabi/12.2 mpacbti-rel1/bin/../lib/gcc/arm-none-eabi/12.2.1/thumb/v7e-m+fp/hard\libnosys.a(_exit.o)
                0x08005974                _exit
 .text.__udivmoddi4
                0x08005978      0x2bc c:/program files (x86)/arm gnu toolchain arm-none-eabi/12.2 mpacbti-rel1/bin/../lib/gcc/arm-none-eabi/12.2.1/thumb/v7e-m+fp/hard\libgcc.a(_udivmoddi4.o)
                0x08005978                __udivmoddi4
 *(.glue_7)
 .glue_7        0x08005c34        0x0 linker stubs
 *(.glue_7t)
 .glue_7t       0x08005c34        0x0 linker stubs
 *(.eh_frame)
 .eh_frame      0x08005c34        0x0 c:/program files (x86)/arm gnu toolchain arm-none-eabi/12.2 mpacbti-rel1/bin/../lib/gcc/arm-none-eabi/12.2.1/thumb/v7e-m+fp/hard/crtbegin.o
 *(.init)
 .init          0x08005c34        0x4 c:/program files (x86)/arm gnu toolchain arm-none-eabi/12.2 mpacbti-rel1/bin/../lib/gcc/arm-none-eabi/12.2.1/thumb/v7e-m+fp/hard/crti.o
                0x08005c34                _init
 .init          0x08005c38        0x8 c:/program files (x86)/arm gnu toolchain arm-none-eabi/12.2 mpacbti-rel1/bin/../lib/gcc/arm-none-eabi/12.2.1/thumb/v7e-m+fp/hard/crtn.o
 *(.fini)
 .fini          0x08005c40        0x4 c:/program files (x86)/arm gnu toolchain arm-none-eabi/12.2 mpacbti-rel1/bin/../lib/gcc/arm-none-eabi/12.2.1/thumb/v7e-m+fp/hard/crti.o
                0x08005c40                _fini
 .fini          0x08005c44        0x8 c:/program files (x86)/arm gnu toolchain arm-none-eabi/12.2 mpacbti-rel1/bin/../lib/gcc/arm-none-eabi/12.2.1/thumb/v7e-m+fp/hard/crtn.o
                0x08005c4c                        . = ALIGN (0x4)
                0x08005c4c                        _etext = .

.vfp11_veneer   0x08005c4c        0x0
 .vfp11_veneer  0x08005c4c        0x0 linker stubs

.v4_bx          0x08005c4c        0x0
 .v4_bx         0x08005c4c        0x0 linker stubs

.iplt           0x08005c4c        0x0
 .iplt          0x08005c4c        0x0 c:/program files (x86)/arm gnu toolchain arm-none-eabi/12.2 mpacbti-rel1/bin/../lib/gcc/arm-none-eabi/12.2.1/thumb/v7e-m+fp/hard/crtbegin.o

.rodata         0x08005c50      0x3c0
                0x08005c50                        . = ALIGN (0x4)
 *(.rodata)
 *(.rodata*)
 .rodata.main.str1.4
                0x08005c50       0x27 build/main.o
 *fill*         0x08005c77        0x1 
 .rodata.AHBPrescTable
                0x08005c78       0x10 build/system_stm32f4xx.o
                0x08005c78                AHBPrescTable
 .rodata.APBPrescTable
                0x08005c88        0x8 build/system_stm32f4xx.o
                0x08005c88                APBPrescTable
 .rodata._printf_float.str1.1
                0x08005c90       0x12 c:/program files (x86)/arm gnu toolchain arm-none-eabi/12.2 mpacbti-rel1/bin/../lib/gcc/arm-none-eabi/12.2.1/thumb/v7e-m+fp/hard\libc_nano.a(libc_a-nano-vfprintf_float.o)
 .rodata._printf_i.str1.1
                0x08005ca2       0x22 c:/program files (x86)/arm gnu toolchain arm-none-eabi/12.2 mpacbti-rel1/bin/../lib/gcc/arm-none-eabi/12.2.1/thumb/v7e-m+fp/hard\libc_nano.a(libc_a-nano-vfprintf_i.o)
 .rodata._dtoa_r.str1.1
                0x08005cc4       0x96 c:/program files (x86)/arm gnu toolchain arm-none-eabi/12.2 mpacbti-rel1/bin/../lib/gcc/arm-none-eabi/12.2.1/thumb/v7e-m+fp/hard\libc_nano.a(libc_a-dtoa.o)
                                 0x98 (size before relaxing)
 .rodata._Balloc.str1.1
                0x08005d5a       0x62 c:/program files (x86)/arm gnu toolchain arm-none-eabi/12.2 mpacbti-rel1/bin/../lib/gcc/arm-none-eabi/12.2.1/thumb/v7e-m+fp/hard\libc_nano.a(libc_a-mprec.o)
                                 0x79 (size before relaxing)
 .rodata.__multadd.str1.1
                0x08005dbc       0x11 c:/program files (x86)/arm gnu toolchain arm-none-eabi/12.2 mpacbti-rel1/bin/../lib/gcc/arm-none-eabi/12.2.1/thumb/v7e-m+fp/hard\libc_nano.a(libc_a-mprec.o)
 .rodata.p05.0  0x08005dbc        0xc c:/program files (x86)/arm gnu toolchain arm-none-eabi/12.2 mpacbti-rel1/bin/../lib/gcc/arm-none-eabi/12.2.1/thumb/v7e-m+fp/hard\libc_nano.a(libc_a-mprec.o)
 .rodata.__mprec_bigtens
                0x08005dc8       0x28 c:/program files (x86)/arm gnu toolchain arm-none-eabi/12.2 mpacbti-rel1/bin/../lib/gcc/arm-none-eabi/12.2.1/thumb/v7e-m+fp/hard\libc_nano.a(libc_a-mprec.o)
                0x08005dc8                __mprec_bigtens
 .rodata.__mprec_tens
                0x08005df0       0xc8 c:/program files (x86)/arm gnu toolchain arm-none-eabi/12.2 mpacbti-rel1/bin/../lib/gcc/arm-none-eabi/12.2.1/thumb/v7e-m+fp/hard\libc_nano.a(libc_a-mprec.o)
                0x08005df0                __mprec_tens
 .rodata._svfprintf_r.str1.1
                0x08005eb8       0x11 c:/program files (x86)/arm gnu toolchain arm-none-eabi/12.2 mpacbti-rel1/bin/../lib/gcc/arm-none-eabi/12.2.1/thumb/v7e-m+fp/hard\libc_nano.a(libc_a-nano-svfprintf.o)
 .rodata._setlocale_r.str1.1
                0x08005ec9        0x8 c:/program files (x86)/arm gnu toolchain arm-none-eabi/12.2 mpacbti-rel1/bin/../lib/gcc/arm-none-eabi/12.2.1/thumb/v7e-m+fp/hard\libc_nano.a(libc_a-locale.o)
                                  0x9 (size before relaxing)
 .rodata.str1.1
                0x08005ed1        0x2 c:/program files (x86)/arm gnu toolchain arm-none-eabi/12.2 mpacbti-rel1/bin/../lib/gcc/arm-none-eabi/12.2.1/thumb/v7e-m+fp/hard\libc_nano.a(libc_a-locale.o)
 .rodata.__assert_func.str1.1
                0x08005ed3       0x3c c:/program files (x86)/arm gnu toolchain arm-none-eabi/12.2 mpacbti-rel1/bin/../lib/gcc/arm-none-eabi/12.2.1/thumb/v7e-m+fp/hard\libc_nano.a(libc_a-assert.o)
                                 0x3d (size before relaxing)
 .rodata._ctype_
                0x08005f0f      0x101 c:/program files (x86)/arm gnu toolchain arm-none-eabi/12.2 mpacbti-rel1/bin/../lib/gcc/arm-none-eabi/12.2.1/thumb/v7e-m+fp/hard\libc_nano.a(libc_a-ctype_.o)
                0x08005f0f                _ctype_
 .rodata._vfprintf_r.str1.1
                0x08006010       0x11 c:/program files (x86)/arm gnu toolchain arm-none-eabi/12.2 mpacbti-rel1/bin/../lib/gcc/arm-none-eabi/12.2.1/thumb/v7e-m+fp/hard\libc_nano.a(libc_a-nano-vfprintf.o)
                0x08006024                        . = ALIGN (0x4)

.ARM.extab
 *(.ARM.extab* .gnu.linkonce.armextab.*)

.ARM            0x08006010        0x8
                0x08006010                        __exidx_start = .
 *(.ARM.exidx*)
 .ARM.exidx     0x08006010        0x8 c:/program files (x86)/arm gnu toolchain arm-none-eabi/12.2 mpacbti-rel1/bin/../lib/gcc/arm-none-eabi/12.2.1/thumb/v7e-m+fp/hard\libc_nano.a(libc_a-memchr.o)
 .ARM.exidx     0x08006018        0x0 c:/program files (x86)/arm gnu toolchain arm-none-eabi/12.2 mpacbti-rel1/bin/../lib/gcc/arm-none-eabi/12.2.1/thumb/v7e-m+fp/hard\libc_nano.a(libc_a-strlen.o)
                                  0x8 (size before relaxing)
 .ARM.exidx.text.__udivmoddi4
                0x08006018        0x0 c:/program files (x86)/arm gnu toolchain arm-none-eabi/12.2 mpacbti-rel1/bin/../lib/gcc/arm-none-eabi/12.2.1/thumb/v7e-m+fp/hard\libgcc.a(_udivmoddi4.o)
                                  0x8 (size before relaxing)
                0x08006018                        __exidx_end = .

.rel.dyn        0x08006018        0x0
 .rel.iplt      0x08006018        0x0 c:/program files (x86)/arm gnu toolchain arm-none-eabi/12.2 mpacbti-rel1/bin/../lib/gcc/arm-none-eabi/12.2.1/thumb/v7e-m+fp/hard/crtbegin.o

.preinit_array  0x08006018        0x0
                0x08006018                        PROVIDE (__preinit_array_start = .)
 *(.preinit_array*)
                0x08006018                        PROVIDE (__preinit_array_end = .)

.init_array     0x08006018        0x4
                0x08006018                        PROVIDE (__init_array_start = .)
 *(SORT_BY_NAME(.init_array.*))
 *(.init_array*)
 .init_array    0x08006018        0x4 c:/program files (x86)/arm gnu toolchain arm-none-eabi/12.2 mpacbti-rel1/bin/../lib/gcc/arm-none-eabi/12.2.1/thumb/v7e-m+fp/hard/crtbegin.o
                0x0800601c                        PROVIDE (__init_array_end = .)

.fini_array     0x0800601c        0x4
                [!provide]                        PROVIDE (__fini_array_start = .)
 *(SORT_BY_NAME(.fini_array.*))
 *(.fini_array*)
 .fini_array    0x0800601c        0x4 c:/program files (x86)/arm gnu toolchain arm-none-eabi/12.2 mpacbti-rel1/bin/../lib/gcc/arm-none-eabi/12.2.1/thumb/v7e-m+fp/hard/crtbegin.o
                [!provide]                        PROVIDE (__fini_array_end = .)
                0x08006020                        _sidata = LOADADDR (.data)

.data           0x20000000      0x1d4 load address 0x08006020
                0x20000000                        . = ALIGN (0x4)
                0x20000000                        _sdata = .
 *(.data)
 *(.data*)
 .data.uwTickFreq
                0x20000000        0x1 build/stm32f4xx_hal.o
                0x20000000                uwTickFreq
 *fill*         0x20000001        0x3 
 .data.uwTickPrio
                0x20000004        0x4 build/stm32f4xx_hal.o
                0x20000004                uwTickPrio
 .data.SystemCoreClock
                0x20000008        0x4 build/system_stm32f4xx.o
                0x20000008                SystemCoreClock
 .data.__sglue  0x2000000c        0xc c:/program files (x86)/arm gnu toolchain arm-none-eabi/12.2 mpacbti-rel1/bin/../lib/gcc/arm-none-eabi/12.2.1/thumb/v7e-m+fp/hard\libc_nano.a(libc_a-findfp.o)
                0x2000000c                __sglue
 .data._impure_ptr
                0x20000018        0x4 c:/program files (x86)/arm gnu toolchain arm-none-eabi/12.2 mpacbti-rel1/bin/../lib/gcc/arm-none-eabi/12.2.1/thumb/v7e-m+fp/hard\libc_nano.a(libc_a-impure.o)
                0x20000018                _impure_ptr
 .data._impure_data
                0x2000001c       0x4c c:/program files (x86)/arm gnu toolchain arm-none-eabi/12.2 mpacbti-rel1/bin/../lib/gcc/arm-none-eabi/12.2.1/thumb/v7e-m+fp/hard\libc_nano.a(libc_a-impure.o)
                0x2000001c                _impure_data
 .data.__global_locale
                0x20000068      0x16c c:/program files (x86)/arm gnu toolchain arm-none-eabi/12.2 mpacbti-rel1/bin/../lib/gcc/arm-none-eabi/12.2.1/thumb/v7e-m+fp/hard\libc_nano.a(libc_a-locale.o)
                0x20000068                __global_locale
                0x200001d4                        . = ALIGN (0x4)
                0x200001d4                        _edata = .

.tm_clone_table
                0x200001d4        0x0 load address 0x080061f4
 .tm_clone_table
                0x200001d4        0x0 c:/program files (x86)/arm gnu toolchain arm-none-eabi/12.2 mpacbti-rel1/bin/../lib/gcc/arm-none-eabi/12.2.1/thumb/v7e-m+fp/hard/crtbegin.o
 .tm_clone_table
                0x200001d4        0x0 c:/program files (x86)/arm gnu toolchain arm-none-eabi/12.2 mpacbti-rel1/bin/../lib/gcc/arm-none-eabi/12.2.1/thumb/v7e-m+fp/hard/crtend.o

.igot.plt       0x200001d4        0x0 load address 0x080061f4
 .igot.plt      0x200001d4        0x0 c:/program files (x86)/arm gnu toolchain arm-none-eabi/12.2 mpacbti-rel1/bin/../lib/gcc/arm-none-eabi/12.2.1/thumb/v7e-m+fp/hard/crtbegin.o
                0x200001d4                        . = ALIGN (0x4)

.bss            0x200001d4      0x28c load address 0x080061f4
                0x200001d4                        _sbss = .
                0x200001d4                        __bss_start__ = _sbss
 *(.bss)
 *(.bss*)
 .bss.completed.1
                0x200001d4        0x1 c:/program files (x86)/arm gnu toolchain arm-none-eabi/12.2 mpacbti-rel1/bin/../lib/gcc/arm-none-eabi/12.2.1/thumb/v7e-m+fp/hard/crtbegin.o
 *fill*         0x200001d5        0x3 
 .bss.object.0  0x200001d8       0x18 c:/program files (x86)/arm gnu toolchain arm-none-eabi/12.2 mpacbti-rel1/bin/../lib/gcc/arm-none-eabi/12.2.1/thumb/v7e-m+fp/hard/crtbegin.o
 .bss.IMU       0x200001f0       0x24 build/main.o
                0x200001f0                IMU
 .bss.Yaw_Data  0x20000214       0x1e build/main.o
                0x20000214                Yaw_Data
 *fill*         0x20000232        0x2 
 .bss.Pitch_Data
                0x20000234       0x1e build/main.o
                0x20000234                Pitch_Data
 *fill*         0x20000252        0x2 
 .bss.Roll_Data
                0x20000254       0x1e build/main.o
                0x20000254                Roll_Data
 *fill*         0x20000272        0x2 
 .bss.huart2    0x20000274       0x44 build/main.o
                0x20000274                huart2
 .bss.hi2c1     0x200002b8       0x54 build/main.o
                0x200002b8                hi2c1
 .bss.uwTick    0x2000030c        0x4 build/stm32f4xx_hal.o
                0x2000030c                uwTick
 .bss.__sf      0x20000310      0x138 c:/program files (x86)/arm gnu toolchain arm-none-eabi/12.2 mpacbti-rel1/bin/../lib/gcc/arm-none-eabi/12.2.1/thumb/v7e-m+fp/hard\libc_nano.a(libc_a-findfp.o)
                0x20000310                __sf
 .bss.__stdio_exit_handler
                0x20000448        0x4 c:/program files (x86)/arm gnu toolchain arm-none-eabi/12.2 mpacbti-rel1/bin/../lib/gcc/arm-none-eabi/12.2.1/thumb/v7e-m+fp/hard\libc_nano.a(libc_a-findfp.o)
                0x20000448                __stdio_exit_handler
 .bss.errno     0x2000044c        0x4 c:/program files (x86)/arm gnu toolchain arm-none-eabi/12.2 mpacbti-rel1/bin/../lib/gcc/arm-none-eabi/12.2.1/thumb/v7e-m+fp/hard\libc_nano.a(libc_a-reent.o)
                0x2000044c                errno
 .bss.__lock___malloc_recursive_mutex
                0x20000450        0x1 c:/program files (x86)/arm gnu toolchain arm-none-eabi/12.2 mpacbti-rel1/bin/../lib/gcc/arm-none-eabi/12.2.1/thumb/v7e-m+fp/hard\libc_nano.a(libc_a-lock.o)
                0x20000450                __lock___malloc_recursive_mutex
 .bss.__lock___sfp_recursive_mutex
                0x20000451        0x1 c:/program files (x86)/arm gnu toolchain arm-none-eabi/12.2 mpacbti-rel1/bin/../lib/gcc/arm-none-eabi/12.2.1/thumb/v7e-m+fp/hard\libc_nano.a(libc_a-lock.o)
                0x20000451                __lock___sfp_recursive_mutex
 *fill*         0x20000452        0x2 
 .bss.__malloc_sbrk_start
                0x20000454        0x4 c:/program files (x86)/arm gnu toolchain arm-none-eabi/12.2 mpacbti-rel1/bin/../lib/gcc/arm-none-eabi/12.2.1/thumb/v7e-m+fp/hard\libc_nano.a(libc_a-mallocr.o)
                0x20000454                __malloc_sbrk_start
 .bss.__malloc_free_list
                0x20000458        0x4 c:/program files (x86)/arm gnu toolchain arm-none-eabi/12.2 mpacbti-rel1/bin/../lib/gcc/arm-none-eabi/12.2.1/thumb/v7e-m+fp/hard\libc_nano.a(libc_a-mallocr.o)
                0x20000458                __malloc_free_list
 .bss.heap_end.0
                0x2000045c        0x4 c:/program files (x86)/arm gnu toolchain arm-none-eabi/12.2 mpacbti-rel1/bin/../lib/gcc/arm-none-eabi/12.2.1/thumb/v7e-m+fp/hard\libnosys.a(sbrk.o)
 *(COMMON)
                0x20000460                        . = ALIGN (0x4)
                0x20000460                        _ebss = .
                0x20000460                        __bss_end__ = _ebss

._user_heap_stack
                0x20000460      0x600 load address 0x080061f4
                0x20000460                        . = ALIGN (0x8)
                0x20000460                        PROVIDE (end = .)
                [!provide]                        PROVIDE (_end = .)
                0x20000660                        . = (. + _Min_Heap_Size)
 *fill*         0x20000460      0x200 
                0x20000a60                        . = (. + _Min_Stack_Size)
 *fill*         0x20000660      0x400 
                0x20000a60                        . = ALIGN (0x8)

/DISCARD/
 libc.a(*)
 libm.a(*)
 libgcc.a(*)

.ARM.attributes
                0x00000000       0x30
 *(.ARM.attributes)
 .ARM.attributes
                0x00000000       0x22 c:/program files (x86)/arm gnu toolchain arm-none-eabi/12.2 mpacbti-rel1/bin/../lib/gcc/arm-none-eabi/12.2.1/thumb/v7e-m+fp/hard/crti.o
 .ARM.attributes
                0x00000022       0x34 c:/program files (x86)/arm gnu toolchain arm-none-eabi/12.2 mpacbti-rel1/bin/../lib/gcc/arm-none-eabi/12.2.1/thumb/v7e-m+fp/hard/crtbegin.o
 .ARM.attributes
                0x00000056       0x34 build/main.o
 .ARM.attributes
                0x0000008a       0x34 build/mpu6050.o
 .ARM.attributes
                0x000000be       0x34 build/stm32f4xx_it.o
 .ARM.attributes
                0x000000f2       0x34 build/stm32f4xx_hal_msp.o
 .ARM.attributes
                0x00000126       0x34 build/stm32f4xx_hal_i2c.o
 .ARM.attributes
                0x0000015a       0x34 build/stm32f4xx_hal_rcc.o
 .ARM.attributes
                0x0000018e       0x34 build/stm32f4xx_hal_rcc_ex.o
 .ARM.attributes
                0x000001c2       0x34 build/stm32f4xx_hal_gpio.o
 .ARM.attributes
                0x000001f6       0x34 build/stm32f4xx_hal_pwr_ex.o
 .ARM.attributes
                0x0000022a       0x34 build/stm32f4xx_hal_cortex.o
 .ARM.attributes
                0x0000025e       0x34 build/stm32f4xx_hal.o
 .ARM.attributes
                0x00000292       0x34 build/stm32f4xx_hal_uart.o
 .ARM.attributes
                0x000002c6       0x34 build/system_stm32f4xx.o
 .ARM.attributes
                0x000002fa       0x21 build/startup_stm32f446xx.o
 .ARM.attributes
                0x0000031b       0x34 c:/program files (x86)/arm gnu toolchain arm-none-eabi/12.2 mpacbti-rel1/bin/../lib/gcc/arm-none-eabi/12.2.1/thumb/v7e-m+fp/hard\libc_nano.a(libc_a-nano-vfprintf_float.o)
 .ARM.attributes
                0x0000034f       0x34 c:/program files (x86)/arm gnu toolchain arm-none-eabi/12.2 mpacbti-rel1/bin/../lib/gcc/arm-none-eabi/12.2.1/thumb/v7e-m+fp/hard\libc_nano.a(libc_a-nano-vfprintf_i.o)
 .ARM.attributes
                0x00000383       0x34 c:/program files (x86)/arm gnu toolchain arm-none-eabi/12.2 mpacbti-rel1/bin/../lib/gcc/arm-none-eabi/12.2.1/thumb/v7e-m+fp/hard\libc_nano.a(libc_a-findfp.o)
 .ARM.attributes
                0x000003b7       0x34 c:/program files (x86)/arm gnu toolchain arm-none-eabi/12.2 mpacbti-rel1/bin/../lib/gcc/arm-none-eabi/12.2.1/thumb/v7e-m+fp/hard\libc_nano.a(libc_a-fwalk.o)
 .ARM.attributes
                0x000003eb       0x34 c:/program files (x86)/arm gnu toolchain arm-none-eabi/12.2 mpacbti-rel1/bin/../lib/gcc/arm-none-eabi/12.2.1/thumb/v7e-m+fp/hard\libc_nano.a(libc_a-sprintf.o)
 .ARM.attributes
                0x0000041f       0x34 c:/program files (x86)/arm gnu toolchain arm-none-eabi/12.2 mpacbti-rel1/bin/../lib/gcc/arm-none-eabi/12.2.1/thumb/v7e-m+fp/hard\libc_nano.a(libc_a-stdio.o)
 .ARM.attributes
                0x00000453       0x34 c:/program files (x86)/arm gnu toolchain arm-none-eabi/12.2 mpacbti-rel1/bin/../lib/gcc/arm-none-eabi/12.2.1/thumb/v7e-m+fp/hard\libc_nano.a(libc_a-memset.o)
 .ARM.attributes
                0x00000487       0x34 c:/program files (x86)/arm gnu toolchain arm-none-eabi/12.2 mpacbti-rel1/bin/../lib/gcc/arm-none-eabi/12.2.1/thumb/v7e-m+fp/hard\libc_nano.a(libc_a-localeconv.o)
 .ARM.attributes
                0x000004bb       0x34 c:/program files (x86)/arm gnu toolchain arm-none-eabi/12.2 mpacbti-rel1/bin/../lib/gcc/arm-none-eabi/12.2.1/thumb/v7e-m+fp/hard\libc_nano.a(libc_a-closer.o)
 .ARM.attributes
                0x000004ef       0x34 c:/program files (x86)/arm gnu toolchain arm-none-eabi/12.2 mpacbti-rel1/bin/../lib/gcc/arm-none-eabi/12.2.1/thumb/v7e-m+fp/hard\libc_nano.a(libc_a-reent.o)
 .ARM.attributes
                0x00000523       0x34 c:/program files (x86)/arm gnu toolchain arm-none-eabi/12.2 mpacbti-rel1/bin/../lib/gcc/arm-none-eabi/12.2.1/thumb/v7e-m+fp/hard\libc_nano.a(libc_a-impure.o)
 .ARM.attributes
                0x00000557       0x34 c:/program files (x86)/arm gnu toolchain arm-none-eabi/12.2 mpacbti-rel1/bin/../lib/gcc/arm-none-eabi/12.2.1/thumb/v7e-m+fp/hard\libc_nano.a(libc_a-lseekr.o)
 .ARM.attributes
                0x0000058b       0x34 c:/program files (x86)/arm gnu toolchain arm-none-eabi/12.2 mpacbti-rel1/bin/../lib/gcc/arm-none-eabi/12.2.1/thumb/v7e-m+fp/hard\libc_nano.a(libc_a-readr.o)
 .ARM.attributes
                0x000005bf       0x34 c:/program files (x86)/arm gnu toolchain arm-none-eabi/12.2 mpacbti-rel1/bin/../lib/gcc/arm-none-eabi/12.2.1/thumb/v7e-m+fp/hard\libc_nano.a(libc_a-writer.o)
 .ARM.attributes
                0x000005f3       0x34 c:/program files (x86)/arm gnu toolchain arm-none-eabi/12.2 mpacbti-rel1/bin/../lib/gcc/arm-none-eabi/12.2.1/thumb/v7e-m+fp/hard\libc_nano.a(libc_a-init.o)
 .ARM.attributes
                0x00000627       0x34 c:/program files (x86)/arm gnu toolchain arm-none-eabi/12.2 mpacbti-rel1/bin/../lib/gcc/arm-none-eabi/12.2.1/thumb/v7e-m+fp/hard\libc_nano.a(libc_a-lock.o)
 .ARM.attributes
                0x0000065b       0x1c c:/program files (x86)/arm gnu toolchain arm-none-eabi/12.2 mpacbti-rel1/bin/../lib/gcc/arm-none-eabi/12.2.1/thumb/v7e-m+fp/hard\libc_nano.a(libc_a-memchr.o)
 .ARM.attributes
                0x00000677       0x17 c:/program files (x86)/arm gnu toolchain arm-none-eabi/12.2 mpacbti-rel1/bin/../lib/gcc/arm-none-eabi/12.2.1/thumb/v7e-m+fp/hard\libc_nano.a(libc_a-strlen.o)
 .ARM.attributes
                0x0000068e       0x34 c:/program files (x86)/arm gnu toolchain arm-none-eabi/12.2 mpacbti-rel1/bin/../lib/gcc/arm-none-eabi/12.2.1/thumb/v7e-m+fp/hard\libc_nano.a(libc_a-dtoa.o)
 .ARM.attributes
                0x000006c2       0x34 c:/program files (x86)/arm gnu toolchain arm-none-eabi/12.2 mpacbti-rel1/bin/../lib/gcc/arm-none-eabi/12.2.1/thumb/v7e-m+fp/hard\libc_nano.a(libc_a-freer.o)
 .ARM.attributes
                0x000006f6       0x34 c:/program files (x86)/arm gnu toolchain arm-none-eabi/12.2 mpacbti-rel1/bin/../lib/gcc/arm-none-eabi/12.2.1/thumb/v7e-m+fp/hard\libc_nano.a(libc_a-malloc.o)
 .ARM.attributes
                0x0000072a       0x34 c:/program files (x86)/arm gnu toolchain arm-none-eabi/12.2 mpacbti-rel1/bin/../lib/gcc/arm-none-eabi/12.2.1/thumb/v7e-m+fp/hard\libc_nano.a(libc_a-mallocr.o)
 .ARM.attributes
                0x0000075e       0x34 c:/program files (x86)/arm gnu toolchain arm-none-eabi/12.2 mpacbti-rel1/bin/../lib/gcc/arm-none-eabi/12.2.1/thumb/v7e-m+fp/hard\libc_nano.a(libc_a-mlock.o)
 .ARM.attributes
                0x00000792       0x34 c:/program files (x86)/arm gnu toolchain arm-none-eabi/12.2 mpacbti-rel1/bin/../lib/gcc/arm-none-eabi/12.2.1/thumb/v7e-m+fp/hard\libc_nano.a(libc_a-mprec.o)
 .ARM.attributes
                0x000007c6       0x34 c:/program files (x86)/arm gnu toolchain arm-none-eabi/12.2 mpacbti-rel1/bin/../lib/gcc/arm-none-eabi/12.2.1/thumb/v7e-m+fp/hard\libc_nano.a(libc_a-nano-svfprintf.o)
 .ARM.attributes
                0x000007fa       0x34 c:/program files (x86)/arm gnu toolchain arm-none-eabi/12.2 mpacbti-rel1/bin/../lib/gcc/arm-none-eabi/12.2.1/thumb/v7e-m+fp/hard\libc_nano.a(libc_a-fflush.o)
 .ARM.attributes
                0x0000082e       0x34 c:/program files (x86)/arm gnu toolchain arm-none-eabi/12.2 mpacbti-rel1/bin/../lib/gcc/arm-none-eabi/12.2.1/thumb/v7e-m+fp/hard\libc_nano.a(libc_a-memmove.o)
 .ARM.attributes
                0x00000862       0x34 c:/program files (x86)/arm gnu toolchain arm-none-eabi/12.2 mpacbti-rel1/bin/../lib/gcc/arm-none-eabi/12.2.1/thumb/v7e-m+fp/hard\libc_nano.a(libc_a-locale.o)
 .ARM.attributes
                0x00000896       0x34 c:/program files (x86)/arm gnu toolchain arm-none-eabi/12.2 mpacbti-rel1/bin/../lib/gcc/arm-none-eabi/12.2.1/thumb/v7e-m+fp/hard\libc_nano.a(libc_a-sbrkr.o)
 .ARM.attributes
                0x000008ca       0x34 c:/program files (x86)/arm gnu toolchain arm-none-eabi/12.2 mpacbti-rel1/bin/../lib/gcc/arm-none-eabi/12.2.1/thumb/v7e-m+fp/hard\libc_nano.a(libc_a-memcpy-stub.o)
 .ARM.attributes
                0x000008fe       0x34 c:/program files (x86)/arm gnu toolchain arm-none-eabi/12.2 mpacbti-rel1/bin/../lib/gcc/arm-none-eabi/12.2.1/thumb/v7e-m+fp/hard\libc_nano.a(libc_a-assert.o)
 .ARM.attributes
                0x00000932       0x34 c:/program files (x86)/arm gnu toolchain arm-none-eabi/12.2 mpacbti-rel1/bin/../lib/gcc/arm-none-eabi/12.2.1/thumb/v7e-m+fp/hard\libc_nano.a(libc_a-callocr.o)
 .ARM.attributes
                0x00000966       0x34 c:/program files (x86)/arm gnu toolchain arm-none-eabi/12.2 mpacbti-rel1/bin/../lib/gcc/arm-none-eabi/12.2.1/thumb/v7e-m+fp/hard\libc_nano.a(libc_a-mbtowc_r.o)
 .ARM.attributes
                0x0000099a       0x34 c:/program files (x86)/arm gnu toolchain arm-none-eabi/12.2 mpacbti-rel1/bin/../lib/gcc/arm-none-eabi/12.2.1/thumb/v7e-m+fp/hard\libc_nano.a(libc_a-reallocr.o)
 .ARM.attributes
                0x000009ce       0x34 c:/program files (x86)/arm gnu toolchain arm-none-eabi/12.2 mpacbti-rel1/bin/../lib/gcc/arm-none-eabi/12.2.1/thumb/v7e-m+fp/hard\libc_nano.a(libc_a-wctomb_r.o)
 .ARM.attributes
                0x00000a02       0x34 c:/program files (x86)/arm gnu toolchain arm-none-eabi/12.2 mpacbti-rel1/bin/../lib/gcc/arm-none-eabi/12.2.1/thumb/v7e-m+fp/hard\libc_nano.a(libc_a-ctype_.o)
 .ARM.attributes
                0x00000a36       0x34 c:/program files (x86)/arm gnu toolchain arm-none-eabi/12.2 mpacbti-rel1/bin/../lib/gcc/arm-none-eabi/12.2.1/thumb/v7e-m+fp/hard\libc_nano.a(libc_a-fprintf.o)
 .ARM.attributes
                0x00000a6a       0x34 c:/program files (x86)/arm gnu toolchain arm-none-eabi/12.2 mpacbti-rel1/bin/../lib/gcc/arm-none-eabi/12.2.1/thumb/v7e-m+fp/hard\libc_nano.a(libc_a-abort.o)
 .ARM.attributes
                0x00000a9e       0x34 c:/program files (x86)/arm gnu toolchain arm-none-eabi/12.2 mpacbti-rel1/bin/../lib/gcc/arm-none-eabi/12.2.1/thumb/v7e-m+fp/hard\libc_nano.a(libc_a-msizer.o)
 .ARM.attributes
                0x00000ad2       0x34 c:/program files (x86)/arm gnu toolchain arm-none-eabi/12.2 mpacbti-rel1/bin/../lib/gcc/arm-none-eabi/12.2.1/thumb/v7e-m+fp/hard\libc_nano.a(libc_a-nano-vfprintf.o)
 .ARM.attributes
                0x00000b06       0x34 c:/program files (x86)/arm gnu toolchain arm-none-eabi/12.2 mpacbti-rel1/bin/../lib/gcc/arm-none-eabi/12.2.1/thumb/v7e-m+fp/hard\libc_nano.a(libc_a-wbuf.o)
 .ARM.attributes
                0x00000b3a       0x34 c:/program files (x86)/arm gnu toolchain arm-none-eabi/12.2 mpacbti-rel1/bin/../lib/gcc/arm-none-eabi/12.2.1/thumb/v7e-m+fp/hard\libc_nano.a(libc_a-wsetup.o)
 .ARM.attributes
                0x00000b6e       0x34 c:/program files (x86)/arm gnu toolchain arm-none-eabi/12.2 mpacbti-rel1/bin/../lib/gcc/arm-none-eabi/12.2.1/thumb/v7e-m+fp/hard\libc_nano.a(libc_a-signal.o)
 .ARM.attributes
                0x00000ba2       0x34 c:/program files (x86)/arm gnu toolchain arm-none-eabi/12.2 mpacbti-rel1/bin/../lib/gcc/arm-none-eabi/12.2.1/thumb/v7e-m+fp/hard\libc_nano.a(libc_a-signalr.o)
 .ARM.attributes
                0x00000bd6       0x34 c:/program files (x86)/arm gnu toolchain arm-none-eabi/12.2 mpacbti-rel1/bin/../lib/gcc/arm-none-eabi/12.2.1/thumb/v7e-m+fp/hard\libc_nano.a(libc_a-makebuf.o)
 .ARM.attributes
                0x00000c0a       0x34 c:/program files (x86)/arm gnu toolchain arm-none-eabi/12.2 mpacbti-rel1/bin/../lib/gcc/arm-none-eabi/12.2.1/thumb/v7e-m+fp/hard\libc_nano.a(libc_a-fstatr.o)
 .ARM.attributes
                0x00000c3e       0x34 c:/program files (x86)/arm gnu toolchain arm-none-eabi/12.2 mpacbti-rel1/bin/../lib/gcc/arm-none-eabi/12.2.1/thumb/v7e-m+fp/hard\libc_nano.a(libc_a-isattyr.o)
 .ARM.attributes
                0x00000c72       0x34 c:/program files (x86)/arm gnu toolchain arm-none-eabi/12.2 mpacbti-rel1/bin/../lib/gcc/arm-none-eabi/12.2.1/thumb/v7e-m+fp/hard\libnosys.a(close.o)
 .ARM.attributes
                0x00000ca6       0x34 c:/program files (x86)/arm gnu toolchain arm-none-eabi/12.2 mpacbti-rel1/bin/../lib/gcc/arm-none-eabi/12.2.1/thumb/v7e-m+fp/hard\libnosys.a(fstat.o)
 .ARM.attributes
                0x00000cda       0x34 c:/program files (x86)/arm gnu toolchain arm-none-eabi/12.2 mpacbti-rel1/bin/../lib/gcc/arm-none-eabi/12.2.1/thumb/v7e-m+fp/hard\libnosys.a(getpid.o)
 .ARM.attributes
                0x00000d0e       0x34 c:/program files (x86)/arm gnu toolchain arm-none-eabi/12.2 mpacbti-rel1/bin/../lib/gcc/arm-none-eabi/12.2.1/thumb/v7e-m+fp/hard\libnosys.a(isatty.o)
 .ARM.attributes
                0x00000d42       0x34 c:/program files (x86)/arm gnu toolchain arm-none-eabi/12.2 mpacbti-rel1/bin/../lib/gcc/arm-none-eabi/12.2.1/thumb/v7e-m+fp/hard\libnosys.a(kill.o)
 .ARM.attributes
                0x00000d76       0x34 c:/program files (x86)/arm gnu toolchain arm-none-eabi/12.2 mpacbti-rel1/bin/../lib/gcc/arm-none-eabi/12.2.1/thumb/v7e-m+fp/hard\libnosys.a(lseek.o)
 .ARM.attributes
                0x00000daa       0x34 c:/program files (x86)/arm gnu toolchain arm-none-eabi/12.2 mpacbti-rel1/bin/../lib/gcc/arm-none-eabi/12.2.1/thumb/v7e-m+fp/hard\libnosys.a(read.o)
 .ARM.attributes
                0x00000dde       0x34 c:/program files (x86)/arm gnu toolchain arm-none-eabi/12.2 mpacbti-rel1/bin/../lib/gcc/arm-none-eabi/12.2.1/thumb/v7e-m+fp/hard\libnosys.a(sbrk.o)
 .ARM.attributes
                0x00000e12       0x34 c:/program files (x86)/arm gnu toolchain arm-none-eabi/12.2 mpacbti-rel1/bin/../lib/gcc/arm-none-eabi/12.2.1/thumb/v7e-m+fp/hard\libnosys.a(write.o)
 .ARM.attributes
                0x00000e46       0x34 c:/program files (x86)/arm gnu toolchain arm-none-eabi/12.2 mpacbti-rel1/bin/../lib/gcc/arm-none-eabi/12.2.1/thumb/v7e-m+fp/hard\libnosys.a(_exit.o)
 .ARM.attributes
                0x00000e7a       0x22 c:/program files (x86)/arm gnu toolchain arm-none-eabi/12.2 mpacbti-rel1/bin/../lib/gcc/arm-none-eabi/12.2.1/thumb/v7e-m+fp/hard\libgcc.a(_arm_addsubdf3.o)
 .ARM.attributes
                0x00000e9c       0x22 c:/program files (x86)/arm gnu toolchain arm-none-eabi/12.2 mpacbti-rel1/bin/../lib/gcc/arm-none-eabi/12.2.1/thumb/v7e-m+fp/hard\libgcc.a(_arm_muldivdf3.o)
 .ARM.attributes
                0x00000ebe       0x22 c:/program files (x86)/arm gnu toolchain arm-none-eabi/12.2 mpacbti-rel1/bin/../lib/gcc/arm-none-eabi/12.2.1/thumb/v7e-m+fp/hard\libgcc.a(_arm_cmpdf2.o)
 .ARM.attributes
                0x00000ee0       0x22 c:/program files (x86)/arm gnu toolchain arm-none-eabi/12.2 mpacbti-rel1/bin/../lib/gcc/arm-none-eabi/12.2.1/thumb/v7e-m+fp/hard\libgcc.a(_arm_unorddf2.o)
 .ARM.attributes
                0x00000f02       0x22 c:/program files (x86)/arm gnu toolchain arm-none-eabi/12.2 mpacbti-rel1/bin/../lib/gcc/arm-none-eabi/12.2.1/thumb/v7e-m+fp/hard\libgcc.a(_arm_fixdfsi.o)
 .ARM.attributes
                0x00000f24       0x22 c:/program files (x86)/arm gnu toolchain arm-none-eabi/12.2 mpacbti-rel1/bin/../lib/gcc/arm-none-eabi/12.2.1/thumb/v7e-m+fp/hard\libgcc.a(_arm_truncdfsf2.o)
 .ARM.attributes
                0x00000f46       0x22 c:/program files (x86)/arm gnu toolchain arm-none-eabi/12.2 mpacbti-rel1/bin/../lib/gcc/arm-none-eabi/12.2.1/thumb/v7e-m+fp/hard\libgcc.a(_aeabi_uldivmod.o)
 .ARM.attributes
                0x00000f68       0x34 c:/program files (x86)/arm gnu toolchain arm-none-eabi/12.2 mpacbti-rel1/bin/../lib/gcc/arm-none-eabi/12.2.1/thumb/v7e-m+fp/hard\libgcc.a(_udivmoddi4.o)
 .ARM.attributes
                0x00000f9c       0x22 c:/program files (x86)/arm gnu toolchain arm-none-eabi/12.2 mpacbti-rel1/bin/../lib/gcc/arm-none-eabi/12.2.1/thumb/v7e-m+fp/hard\libgcc.a(_dvmd_tls.o)
 .ARM.attributes
                0x00000fbe       0x34 c:/program files (x86)/arm gnu toolchain arm-none-eabi/12.2 mpacbti-rel1/bin/../lib/gcc/arm-none-eabi/12.2.1/thumb/v7e-m+fp/hard/crtend.o
 .ARM.attributes
                0x00000ff2       0x22 c:/program files (x86)/arm gnu toolchain arm-none-eabi/12.2 mpacbti-rel1/bin/../lib/gcc/arm-none-eabi/12.2.1/thumb/v7e-m+fp/hard/crtn.o
OUTPUT(build/IMU.elf elf32-littlearm)
LOAD linker stubs
LOAD c:/program files (x86)/arm gnu toolchain arm-none-eabi/12.2 mpacbti-rel1/bin/../lib/gcc/arm-none-eabi/12.2.1/thumb/v7e-m+fp/hard\libc.a
LOAD c:/program files (x86)/arm gnu toolchain arm-none-eabi/12.2 mpacbti-rel1/bin/../lib/gcc/arm-none-eabi/12.2.1/thumb/v7e-m+fp/hard\libm.a
LOAD c:/program files (x86)/arm gnu toolchain arm-none-eabi/12.2 mpacbti-rel1/bin/../lib/gcc/arm-none-eabi/12.2.1/thumb/v7e-m+fp/hard\libgcc.a

.debug_info     0x00000000     0xfc00
 .debug_info    0x00000000     0x1368 build/main.o
 .debug_info    0x00001368      0xb3a build/mpu6050.o
 .debug_info    0x00001ea2      0x15a build/stm32f4xx_it.o
 .debug_info    0x00001ffc      0xece build/stm32f4xx_hal_msp.o
 .debug_info    0x00002eca     0x3b49 build/stm32f4xx_hal_i2c.o
 .debug_info    0x00006a13      0xc39 build/stm32f4xx_hal_rcc.o
 .debug_info    0x0000764c      0xdc5 build/stm32f4xx_hal_rcc_ex.o
 .debug_info    0x00008411      0x8ac build/stm32f4xx_hal_gpio.o
 .debug_info    0x00008cbd      0x880 build/stm32f4xx_hal_pwr_ex.o
 .debug_info    0x0000953d     0x1192 build/stm32f4xx_hal_cortex.o
 .debug_info    0x0000a6cf      0xb31 build/stm32f4xx_hal.o
 .debug_info    0x0000b200     0x43e7 build/stm32f4xx_hal_uart.o
 .debug_info    0x0000f5e7      0x5f7 build/system_stm32f4xx.o
 .debug_info    0x0000fbde       0x22 build/startup_stm32f446xx.o

.debug_abbrev   0x00000000     0x1ccc
 .debug_abbrev  0x00000000      0x2ed build/main.o
 .debug_abbrev  0x000002ed      0x1d4 build/mpu6050.o
 .debug_abbrev  0x000004c1       0x81 build/stm32f4xx_it.o
 .debug_abbrev  0x00000542      0x1b1 build/stm32f4xx_hal_msp.o
 .debug_abbrev  0x000006f3      0x2f3 build/stm32f4xx_hal_i2c.o
 .debug_abbrev  0x000009e6      0x2aa build/stm32f4xx_hal_rcc.o
 .debug_abbrev  0x00000c90      0x240 build/stm32f4xx_hal_rcc_ex.o
 .debug_abbrev  0x00000ed0      0x22b build/stm32f4xx_hal_gpio.o
 .debug_abbrev  0x000010fb      0x1c3 build/stm32f4xx_hal_pwr_ex.o
 .debug_abbrev  0x000012be      0x382 build/stm32f4xx_hal_cortex.o
 .debug_abbrev  0x00001640      0x209 build/stm32f4xx_hal.o
 .debug_abbrev  0x00001849      0x356 build/stm32f4xx_hal_uart.o
 .debug_abbrev  0x00001b9f      0x11b build/system_stm32f4xx.o
 .debug_abbrev  0x00001cba       0x12 build/startup_stm32f446xx.o

.debug_loc      0x00000000     0xcd52
 .debug_loc     0x00000000       0xd2 build/main.o
 .debug_loc     0x000000d2      0x118 build/mpu6050.o
 .debug_loc     0x000001ea       0x20 build/stm32f4xx_it.o
 .debug_loc     0x0000020a      0x1eb build/stm32f4xx_hal_msp.o
 .debug_loc     0x000003f5     0x4e42 build/stm32f4xx_hal_i2c.o
 .debug_loc     0x00005237      0x6e4 build/stm32f4xx_hal_rcc.o
 .debug_loc     0x0000591b     0x100b build/stm32f4xx_hal_rcc_ex.o
 .debug_loc     0x00006926      0x5e8 build/stm32f4xx_hal_gpio.o
 .debug_loc     0x00006f0e      0x378 build/stm32f4xx_hal_pwr_ex.o
 .debug_loc     0x00007286      0x7a4 build/stm32f4xx_hal_cortex.o
 .debug_loc     0x00007a2a      0x1e1 build/stm32f4xx_hal.o
 .debug_loc     0x00007c0b     0x4fef build/stm32f4xx_hal_uart.o
 .debug_loc     0x0000cbfa      0x158 build/system_stm32f4xx.o

.debug_aranges  0x00000000      0x958
 .debug_aranges
                0x00000000       0x48 build/main.o
 .debug_aranges
                0x00000048       0x30 build/mpu6050.o
 .debug_aranges
                0x00000078       0x60 build/stm32f4xx_it.o
 .debug_aranges
                0x000000d8       0x40 build/stm32f4xx_hal_msp.o
 .debug_aranges
                0x00000118      0x2a0 build/stm32f4xx_hal_i2c.o
 .debug_aranges
                0x000003b8       0x88 build/stm32f4xx_hal_rcc.o
 .debug_aranges
                0x00000440       0x78 build/stm32f4xx_hal_rcc_ex.o
 .debug_aranges
                0x000004b8       0x58 build/stm32f4xx_hal_gpio.o
 .debug_aranges
                0x00000510       0x60 build/stm32f4xx_hal_pwr_ex.o
 .debug_aranges
                0x00000570       0xa8 build/stm32f4xx_hal_cortex.o
 .debug_aranges
                0x00000618       0xf0 build/stm32f4xx_hal.o
 .debug_aranges
                0x00000708      0x200 build/stm32f4xx_hal_uart.o
 .debug_aranges
                0x00000908       0x28 build/system_stm32f4xx.o
 .debug_aranges
                0x00000930       0x28 build/startup_stm32f446xx.o

.debug_ranges   0x00000000      0x940
 .debug_ranges  0x00000000       0x38 build/main.o
 .debug_ranges  0x00000038       0x20 build/mpu6050.o
 .debug_ranges  0x00000058       0x50 build/stm32f4xx_it.o
 .debug_ranges  0x000000a8       0x30 build/stm32f4xx_hal_msp.o
 .debug_ranges  0x000000d8      0x2a8 build/stm32f4xx_hal_i2c.o
 .debug_ranges  0x00000380       0x90 build/stm32f4xx_hal_rcc.o
 .debug_ranges  0x00000410       0x80 build/stm32f4xx_hal_rcc_ex.o
 .debug_ranges  0x00000490       0x48 build/stm32f4xx_hal_gpio.o
 .debug_ranges  0x000004d8       0x50 build/stm32f4xx_hal_pwr_ex.o
 .debug_ranges  0x00000528       0xf8 build/stm32f4xx_hal_cortex.o
 .debug_ranges  0x00000620       0xe0 build/stm32f4xx_hal.o
 .debug_ranges  0x00000700      0x208 build/stm32f4xx_hal_uart.o
 .debug_ranges  0x00000908       0x18 build/system_stm32f4xx.o
 .debug_ranges  0x00000920       0x20 build/startup_stm32f446xx.o

.debug_line     0x00000000     0xe0d3
 .debug_line    0x00000000      0x53c build/main.o
 .debug_line    0x0000053c      0x303 build/mpu6050.o
 .debug_line    0x0000083f      0x177 build/stm32f4xx_it.o
 .debug_line    0x000009b6      0x346 build/stm32f4xx_hal_msp.o
 .debug_line    0x00000cfc     0x5377 build/stm32f4xx_hal_i2c.o
 .debug_line    0x00006073      0xb2b build/stm32f4xx_hal_rcc.o
 .debug_line    0x00006b9e     0x13a3 build/stm32f4xx_hal_rcc_ex.o
 .debug_line    0x00007f41      0x6eb build/stm32f4xx_hal_gpio.o
 .debug_line    0x0000862c      0x4c6 build/stm32f4xx_hal_pwr_ex.o
 .debug_line    0x00008af2      0x78c build/stm32f4xx_hal_cortex.o
 .debug_line    0x0000927e      0x579 build/stm32f4xx_hal.o
 .debug_line    0x000097f7     0x4602 build/stm32f4xx_hal_uart.o
 .debug_line    0x0000ddf9      0x264 build/system_stm32f4xx.o
 .debug_line    0x0000e05d       0x76 build/startup_stm32f446xx.o

.debug_str      0x00000000     0x3272
 .debug_str     0x00000000      0xba5 build/main.o
                                0xc73 (size before relaxing)
 .debug_str     0x00000ba5       0x83 build/mpu6050.o
                                0x7a5 (size before relaxing)
 .debug_str     0x00000c28      0x182 build/stm32f4xx_it.o
                                0x212 (size before relaxing)
 .debug_str     0x00000daa      0x117 build/stm32f4xx_hal_msp.o
                                0xa74 (size before relaxing)
 .debug_str     0x00000ec1      0x8f9 build/stm32f4xx_hal_i2c.o
                               0x1018 (size before relaxing)
 .debug_str     0x000017ba      0x1f8 build/stm32f4xx_hal_rcc.o
                                0x713 (size before relaxing)
 .debug_str     0x000019b2      0x344 build/stm32f4xx_hal_rcc_ex.o
                                0x7fa (size before relaxing)
 .debug_str     0x00001cf6      0x153 build/stm32f4xx_hal_gpio.o
                                0x4e8 (size before relaxing)
 .debug_str     0x00001e49      0x187 build/stm32f4xx_hal_pwr_ex.o
                                0x4d3 (size before relaxing)
 .debug_str     0x00001fd0      0x9b5 build/stm32f4xx_hal_cortex.o
                                0xc50 (size before relaxing)
 .debug_str     0x00002985      0x295 build/stm32f4xx_hal.o
                                0xba3 (size before relaxing)
 .debug_str     0x00002c1a      0x5ed build/stm32f4xx_hal_uart.o
                                0xd3c (size before relaxing)
 .debug_str     0x00003207       0x47 build/system_stm32f4xx.o
                                0x37d (size before relaxing)
 .debug_str     0x0000324e       0x24 build/startup_stm32f446xx.o
                                 0x4d (size before relaxing)

.comment        0x00000000       0x9e
 .comment       0x00000000       0x55 build/main.o
                                 0x56 (size before relaxing)
 .comment       0x00000055       0x56 build/mpu6050.o
 .comment       0x00000055       0x49 build/stm32f4xx_it.o
                                 0x4a (size before relaxing)
 .comment       0x0000009e       0x4a build/stm32f4xx_hal_msp.o
 .comment       0x0000009e       0x4a build/stm32f4xx_hal_i2c.o
 .comment       0x0000009e       0x4a build/stm32f4xx_hal_rcc.o
 .comment       0x0000009e       0x4a build/stm32f4xx_hal_rcc_ex.o
 .comment       0x0000009e       0x4a build/stm32f4xx_hal_gpio.o
 .comment       0x0000009e       0x4a build/stm32f4xx_hal_pwr_ex.o
 .comment       0x0000009e       0x4a build/stm32f4xx_hal_cortex.o
 .comment       0x0000009e       0x4a build/stm32f4xx_hal.o
 .comment       0x0000009e       0x4a build/stm32f4xx_hal_uart.o
 .comment       0x0000009e       0x4a build/system_stm32f4xx.o

.debug_frame    0x00000000     0x2ce0
 .debug_frame   0x00000000       0xa0 build/main.o
 .debug_frame   0x000000a0       0x80 build/mpu6050.o
 .debug_frame   0x00000120       0xa8 build/stm32f4xx_it.o
 .debug_frame   0x000001c8       0xa0 build/stm32f4xx_hal_msp.o
 .debug_frame   0x00000268      0x970 build/stm32f4xx_hal_i2c.o
 .debug_frame   0x00000bd8      0x16c build/stm32f4xx_hal_rcc.o
 .debug_frame   0x00000d44      0x14c build/stm32f4xx_hal_rcc_ex.o
 .debug_frame   0x00000e90       0xd8 build/stm32f4xx_hal_gpio.o
 .debug_frame   0x00000f68       0xf4 build/stm32f4xx_hal_pwr_ex.o
 .debug_frame   0x0000105c      0x148 build/stm32f4xx_hal_cortex.o
 .debug_frame   0x000011a4      0x1ec build/stm32f4xx_hal.o
 .debug_frame   0x00001390      0x5cc build/stm32f4xx_hal_uart.o
 .debug_frame   0x0000195c       0x30 build/system_stm32f4xx.o
 .debug_frame   0x0000198c       0x94 c:/program files (x86)/arm gnu toolchain arm-none-eabi/12.2 mpacbti-rel1/bin/../lib/gcc/arm-none-eabi/12.2.1/thumb/v7e-m+fp/hard\libc_nano.a(libc_a-nano-vfprintf_float.o)
 .debug_frame   0x00001a20       0x60 c:/program files (x86)/arm gnu toolchain arm-none-eabi/12.2 mpacbti-rel1/bin/../lib/gcc/arm-none-eabi/12.2.1/thumb/v7e-m+fp/hard\libc_nano.a(libc_a-nano-vfprintf_i.o)
 .debug_frame   0x00001a80      0x144 c:/program files (x86)/arm gnu toolchain arm-none-eabi/12.2 mpacbti-rel1/bin/../lib/gcc/arm-none-eabi/12.2.1/thumb/v7e-m+fp/hard\libc_nano.a(libc_a-findfp.o)
 .debug_frame   0x00001bc4       0x34 c:/program files (x86)/arm gnu toolchain arm-none-eabi/12.2 mpacbti-rel1/bin/../lib/gcc/arm-none-eabi/12.2.1/thumb/v7e-m+fp/hard\libc_nano.a(libc_a-fwalk.o)
 .debug_frame   0x00001bf8       0x6c c:/program files (x86)/arm gnu toolchain arm-none-eabi/12.2 mpacbti-rel1/bin/../lib/gcc/arm-none-eabi/12.2.1/thumb/v7e-m+fp/hard\libc_nano.a(libc_a-sprintf.o)
 .debug_frame   0x00001c64       0x88 c:/program files (x86)/arm gnu toolchain arm-none-eabi/12.2 mpacbti-rel1/bin/../lib/gcc/arm-none-eabi/12.2.1/thumb/v7e-m+fp/hard\libc_nano.a(libc_a-stdio.o)
 .debug_frame   0x00001cec       0x20 c:/program files (x86)/arm gnu toolchain arm-none-eabi/12.2 mpacbti-rel1/bin/../lib/gcc/arm-none-eabi/12.2.1/thumb/v7e-m+fp/hard\libc_nano.a(libc_a-memset.o)
 .debug_frame   0x00001d0c       0x40 c:/program files (x86)/arm gnu toolchain arm-none-eabi/12.2 mpacbti-rel1/bin/../lib/gcc/arm-none-eabi/12.2.1/thumb/v7e-m+fp/hard\libc_nano.a(libc_a-localeconv.o)
 .debug_frame   0x00001d4c       0x2c c:/program files (x86)/arm gnu toolchain arm-none-eabi/12.2 mpacbti-rel1/bin/../lib/gcc/arm-none-eabi/12.2.1/thumb/v7e-m+fp/hard\libc_nano.a(libc_a-closer.o)
 .debug_frame   0x00001d78       0x38 c:/program files (x86)/arm gnu toolchain arm-none-eabi/12.2 mpacbti-rel1/bin/../lib/gcc/arm-none-eabi/12.2.1/thumb/v7e-m+fp/hard\libc_nano.a(libc_a-reent.o)
 .debug_frame   0x00001db0       0x2c c:/program files (x86)/arm gnu toolchain arm-none-eabi/12.2 mpacbti-rel1/bin/../lib/gcc/arm-none-eabi/12.2.1/thumb/v7e-m+fp/hard\libc_nano.a(libc_a-lseekr.o)
 .debug_frame   0x00001ddc       0x2c c:/program files (x86)/arm gnu toolchain arm-none-eabi/12.2 mpacbti-rel1/bin/../lib/gcc/arm-none-eabi/12.2.1/thumb/v7e-m+fp/hard\libc_nano.a(libc_a-readr.o)
 .debug_frame   0x00001e08       0x2c c:/program files (x86)/arm gnu toolchain arm-none-eabi/12.2 mpacbti-rel1/bin/../lib/gcc/arm-none-eabi/12.2.1/thumb/v7e-m+fp/hard\libc_nano.a(libc_a-writer.o)
 .debug_frame   0x00001e34       0x2c c:/program files (x86)/arm gnu toolchain arm-none-eabi/12.2 mpacbti-rel1/bin/../lib/gcc/arm-none-eabi/12.2.1/thumb/v7e-m+fp/hard\libc_nano.a(libc_a-init.o)
 .debug_frame   0x00001e60       0xb0 c:/program files (x86)/arm gnu toolchain arm-none-eabi/12.2 mpacbti-rel1/bin/../lib/gcc/arm-none-eabi/12.2.1/thumb/v7e-m+fp/hard\libc_nano.a(libc_a-lock.o)
 .debug_frame   0x00001f10       0x6c c:/program files (x86)/arm gnu toolchain arm-none-eabi/12.2 mpacbti-rel1/bin/../lib/gcc/arm-none-eabi/12.2.1/thumb/v7e-m+fp/hard\libc_nano.a(libc_a-dtoa.o)
 .debug_frame   0x00001f7c       0x38 c:/program files (x86)/arm gnu toolchain arm-none-eabi/12.2 mpacbti-rel1/bin/../lib/gcc/arm-none-eabi/12.2.1/thumb/v7e-m+fp/hard\libc_nano.a(libc_a-freer.o)
 .debug_frame   0x00001fb4       0x30 c:/program files (x86)/arm gnu toolchain arm-none-eabi/12.2 mpacbti-rel1/bin/../lib/gcc/arm-none-eabi/12.2.1/thumb/v7e-m+fp/hard\libc_nano.a(libc_a-malloc.o)
 .debug_frame   0x00001fe4       0x50 c:/program files (x86)/arm gnu toolchain arm-none-eabi/12.2 mpacbti-rel1/bin/../lib/gcc/arm-none-eabi/12.2.1/thumb/v7e-m+fp/hard\libc_nano.a(libc_a-mallocr.o)
 .debug_frame   0x00002034       0x30 c:/program files (x86)/arm gnu toolchain arm-none-eabi/12.2 mpacbti-rel1/bin/../lib/gcc/arm-none-eabi/12.2.1/thumb/v7e-m+fp/hard\libc_nano.a(libc_a-mlock.o)
 .debug_frame   0x00002064      0x260 c:/program files (x86)/arm gnu toolchain arm-none-eabi/12.2 mpacbti-rel1/bin/../lib/gcc/arm-none-eabi/12.2.1/thumb/v7e-m+fp/hard\libc_nano.a(libc_a-mprec.o)
 .debug_frame   0x000022c4       0x90 c:/program files (x86)/arm gnu toolchain arm-none-eabi/12.2 mpacbti-rel1/bin/../lib/gcc/arm-none-eabi/12.2.1/thumb/v7e-m+fp/hard\libc_nano.a(libc_a-nano-svfprintf.o)
 .debug_frame   0x00002354       0x5c c:/program files (x86)/arm gnu toolchain arm-none-eabi/12.2 mpacbti-rel1/bin/../lib/gcc/arm-none-eabi/12.2.1/thumb/v7e-m+fp/hard\libc_nano.a(libc_a-fflush.o)
 .debug_frame   0x000023b0       0x28 c:/program files (x86)/arm gnu toolchain arm-none-eabi/12.2 mpacbti-rel1/bin/../lib/gcc/arm-none-eabi/12.2.1/thumb/v7e-m+fp/hard\libc_nano.a(libc_a-memmove.o)
 .debug_frame   0x000023d8       0x48 c:/program files (x86)/arm gnu toolchain arm-none-eabi/12.2 mpacbti-rel1/bin/../lib/gcc/arm-none-eabi/12.2.1/thumb/v7e-m+fp/hard\libc_nano.a(libc_a-locale.o)
 .debug_frame   0x00002420       0x2c c:/program files (x86)/arm gnu toolchain arm-none-eabi/12.2 mpacbti-rel1/bin/../lib/gcc/arm-none-eabi/12.2.1/thumb/v7e-m+fp/hard\libc_nano.a(libc_a-sbrkr.o)
 .debug_frame   0x0000244c       0x28 c:/program files (x86)/arm gnu toolchain arm-none-eabi/12.2 mpacbti-rel1/bin/../lib/gcc/arm-none-eabi/12.2.1/thumb/v7e-m+fp/hard\libc_nano.a(libc_a-memcpy-stub.o)
 .debug_frame   0x00002474       0x40 c:/program files (x86)/arm gnu toolchain arm-none-eabi/12.2 mpacbti-rel1/bin/../lib/gcc/arm-none-eabi/12.2.1/thumb/v7e-m+fp/hard\libc_nano.a(libc_a-assert.o)
 .debug_frame   0x000024b4       0x2c c:/program files (x86)/arm gnu toolchain arm-none-eabi/12.2 mpacbti-rel1/bin/../lib/gcc/arm-none-eabi/12.2.1/thumb/v7e-m+fp/hard\libc_nano.a(libc_a-callocr.o)
 .debug_frame   0x000024e0       0x48 c:/program files (x86)/arm gnu toolchain arm-none-eabi/12.2 mpacbti-rel1/bin/../lib/gcc/arm-none-eabi/12.2.1/thumb/v7e-m+fp/hard\libc_nano.a(libc_a-mbtowc_r.o)
 .debug_frame   0x00002528       0x3c c:/program files (x86)/arm gnu toolchain arm-none-eabi/12.2 mpacbti-rel1/bin/../lib/gcc/arm-none-eabi/12.2.1/thumb/v7e-m+fp/hard\libc_nano.a(libc_a-reallocr.o)
 .debug_frame   0x00002564       0x3c c:/program files (x86)/arm gnu toolchain arm-none-eabi/12.2 mpacbti-rel1/bin/../lib/gcc/arm-none-eabi/12.2.1/thumb/v7e-m+fp/hard\libc_nano.a(libc_a-wctomb_r.o)
 .debug_frame   0x000025a0       0x64 c:/program files (x86)/arm gnu toolchain arm-none-eabi/12.2 mpacbti-rel1/bin/../lib/gcc/arm-none-eabi/12.2.1/thumb/v7e-m+fp/hard\libc_nano.a(libc_a-fprintf.o)
 .debug_frame   0x00002604       0x28 c:/program files (x86)/arm gnu toolchain arm-none-eabi/12.2 mpacbti-rel1/bin/../lib/gcc/arm-none-eabi/12.2.1/thumb/v7e-m+fp/hard\libc_nano.a(libc_a-abort.o)
 .debug_frame   0x0000262c       0x20 c:/program files (x86)/arm gnu toolchain arm-none-eabi/12.2 mpacbti-rel1/bin/../lib/gcc/arm-none-eabi/12.2.1/thumb/v7e-m+fp/hard\libc_nano.a(libc_a-msizer.o)
 .debug_frame   0x0000264c       0xa8 c:/program files (x86)/arm gnu toolchain arm-none-eabi/12.2 mpacbti-rel1/bin/../lib/gcc/arm-none-eabi/12.2.1/thumb/v7e-m+fp/hard\libc_nano.a(libc_a-nano-vfprintf.o)
 .debug_frame   0x000026f4       0x40 c:/program files (x86)/arm gnu toolchain arm-none-eabi/12.2 mpacbti-rel1/bin/../lib/gcc/arm-none-eabi/12.2.1/thumb/v7e-m+fp/hard\libc_nano.a(libc_a-wbuf.o)
 .debug_frame   0x00002734       0x2c c:/program files (x86)/arm gnu toolchain arm-none-eabi/12.2 mpacbti-rel1/bin/../lib/gcc/arm-none-eabi/12.2.1/thumb/v7e-m+fp/hard\libc_nano.a(libc_a-wsetup.o)
 .debug_frame   0x00002760       0xcc c:/program files (x86)/arm gnu toolchain arm-none-eabi/12.2 mpacbti-rel1/bin/../lib/gcc/arm-none-eabi/12.2.1/thumb/v7e-m+fp/hard\libc_nano.a(libc_a-signal.o)
 .debug_frame   0x0000282c       0x3c c:/program files (x86)/arm gnu toolchain arm-none-eabi/12.2 mpacbti-rel1/bin/../lib/gcc/arm-none-eabi/12.2.1/thumb/v7e-m+fp/hard\libc_nano.a(libc_a-signalr.o)
 .debug_frame   0x00002868       0x58 c:/program files (x86)/arm gnu toolchain arm-none-eabi/12.2 mpacbti-rel1/bin/../lib/gcc/arm-none-eabi/12.2.1/thumb/v7e-m+fp/hard\libc_nano.a(libc_a-makebuf.o)
 .debug_frame   0x000028c0       0x2c c:/program files (x86)/arm gnu toolchain arm-none-eabi/12.2 mpacbti-rel1/bin/../lib/gcc/arm-none-eabi/12.2.1/thumb/v7e-m+fp/hard\libc_nano.a(libc_a-fstatr.o)
 .debug_frame   0x000028ec       0x2c c:/program files (x86)/arm gnu toolchain arm-none-eabi/12.2 mpacbti-rel1/bin/../lib/gcc/arm-none-eabi/12.2.1/thumb/v7e-m+fp/hard\libc_nano.a(libc_a-isattyr.o)
 .debug_frame   0x00002918       0x20 c:/program files (x86)/arm gnu toolchain arm-none-eabi/12.2 mpacbti-rel1/bin/../lib/gcc/arm-none-eabi/12.2.1/thumb/v7e-m+fp/hard\libnosys.a(close.o)
 .debug_frame   0x00002938       0x20 c:/program files (x86)/arm gnu toolchain arm-none-eabi/12.2 mpacbti-rel1/bin/../lib/gcc/arm-none-eabi/12.2.1/thumb/v7e-m+fp/hard\libnosys.a(fstat.o)
 .debug_frame   0x00002958       0x20 c:/program files (x86)/arm gnu toolchain arm-none-eabi/12.2 mpacbti-rel1/bin/../lib/gcc/arm-none-eabi/12.2.1/thumb/v7e-m+fp/hard\libnosys.a(getpid.o)
 .debug_frame   0x00002978       0x20 c:/program files (x86)/arm gnu toolchain arm-none-eabi/12.2 mpacbti-rel1/bin/../lib/gcc/arm-none-eabi/12.2.1/thumb/v7e-m+fp/hard\libnosys.a(isatty.o)
 .debug_frame   0x00002998       0x20 c:/program files (x86)/arm gnu toolchain arm-none-eabi/12.2 mpacbti-rel1/bin/../lib/gcc/arm-none-eabi/12.2.1/thumb/v7e-m+fp/hard\libnosys.a(kill.o)
 .debug_frame   0x000029b8       0x20 c:/program files (x86)/arm gnu toolchain arm-none-eabi/12.2 mpacbti-rel1/bin/../lib/gcc/arm-none-eabi/12.2.1/thumb/v7e-m+fp/hard\libnosys.a(lseek.o)
 .debug_frame   0x000029d8       0x20 c:/program files (x86)/arm gnu toolchain arm-none-eabi/12.2 mpacbti-rel1/bin/../lib/gcc/arm-none-eabi/12.2.1/thumb/v7e-m+fp/hard\libnosys.a(read.o)
 .debug_frame   0x000029f8       0x20 c:/program files (x86)/arm gnu toolchain arm-none-eabi/12.2 mpacbti-rel1/bin/../lib/gcc/arm-none-eabi/12.2.1/thumb/v7e-m+fp/hard\libnosys.a(sbrk.o)